Archive member included to satisfy reference by file (symbol)

/opt/devkitpro/nitro-engine/lib/libNE.a(NECamera.o)
                              main.o (NE_CameraCreate)
/opt/devkitpro/nitro-engine/lib/libNE.a(NEGeneral.o)
                              main.o (NE_Init3D)
/opt/devkitpro/nitro-engine/lib/libNE.a(NEGUI.o)
                              /opt/devkitpro/nitro-engine/lib/libNE.a(NEGeneral.o) (NE_GUIUpdate)
/opt/devkitpro/nitro-engine/lib/libNE.a(NEModel.o)
                              main.o (NE_ModelCreate)
/opt/devkitpro/nitro-engine/lib/libNE.a(NEPhysics.o)
                              /opt/devkitpro/nitro-engine/lib/libNE.a(NEGeneral.o) (NE_PhysicsSystemReset)
/opt/devkitpro/nitro-engine/lib/libNE.a(NEPolygon.o)
                              /opt/devkitpro/nitro-engine/lib/libNE.a(NEGeneral.o) (NE_LightOff)
/opt/devkitpro/nitro-engine/lib/libNE.a(NEText.o)
                              /opt/devkitpro/nitro-engine/lib/libNE.a(NEGeneral.o) (NE_TextPriorityReset)
/opt/devkitpro/nitro-engine/lib/libNE.a(NETexture.o)
                              main.o (NE_MaterialCreate)
/opt/devkitpro/nitro-engine/lib/libNE.a(dsma.o)
                              /opt/devkitpro/nitro-engine/lib/libNE.a(NEModel.o) (DSMA_DrawModel)
/opt/devkitpro/nitro-engine/lib/libNE.a(NE2D.o)
                              /opt/devkitpro/nitro-engine/lib/libNE.a(NEGeneral.o) (NE_SpriteSystemReset)
/opt/devkitpro/nitro-engine/lib/libNE.a(NEAlloc.o)
                              /opt/devkitpro/nitro-engine/lib/libNE.a(NETexture.o) (NE_AllocInit)
/opt/devkitpro/nitro-engine/lib/libNE.a(NEAnimation.o)
                              /opt/devkitpro/nitro-engine/lib/libNE.a(NEGeneral.o) (NE_AnimationSystemReset)
/opt/devkitpro/nitro-engine/lib/libNE.a(NEDisplayList.o)
                              /opt/devkitpro/nitro-engine/lib/libNE.a(NEGeneral.o) (NE_DisplayListSetDefaultFunction)
/opt/devkitpro/nitro-engine/lib/libNE.a(NEFAT.o)
                              /opt/devkitpro/nitro-engine/lib/libNE.a(NEModel.o) (NE_FATLoadData)
/opt/devkitpro/nitro-engine/lib/libNE.a(NEPalette.o)
                              /opt/devkitpro/nitro-engine/lib/libNE.a(NETexture.o) (NE_PaletteUse)
/opt/devkitpro/libnds/lib/libnds9.a(trig.o)
                              /opt/devkitpro/nitro-engine/lib/libNE.a(NECamera.o) (sinLerp)
/opt/devkitpro/libnds/lib/libnds9.a(video.o)
                              /opt/devkitpro/nitro-engine/lib/libNE.a(NETexture.o) (vramSetPrimaryBanks)
/opt/devkitpro/libnds/lib/libnds9.a(touch.o)
                              /opt/devkitpro/nitro-engine/lib/libNE.a(NEGeneral.o) (touchRead)
/opt/devkitpro/libnds/lib/libnds9.a(system.o)
                              /opt/devkitpro/nitro-engine/lib/libNE.a(NEGeneral.o) (powerOn)
/opt/devkitpro/libnds/lib/libnds9.a(console.o)
                              /opt/devkitpro/nitro-engine/lib/libNE.a(NEGeneral.o) (consoleInit)
/opt/devkitpro/libnds/lib/libnds9.a(keys.o)
                              main.o (scanKeys)
/opt/devkitpro/libnds/lib/libnds9.a(initSystem.o)
                              /opt/devkitpro/devkitARM/bin/../lib/gcc/arm-none-eabi/13.2.0/../../../../arm-none-eabi/lib/ds_arm9_crt0.o (initSystem)
/opt/devkitpro/libnds/lib/libnds9.a(securearea.o)
                              /opt/devkitpro/devkitARM/bin/../lib/gcc/arm-none-eabi/13.2.0/../../../../arm-none-eabi/lib/ds_arm9_crt0.o (__secure_area__)
/opt/devkitpro/libnds/lib/libnds9.a(interrupts.o)
                              main.o (irqSet)
/opt/devkitpro/libnds/lib/libnds9.a(libnds_exit.arm.o)
                              /opt/devkitpro/devkitARM/bin/../lib/gcc/arm-none-eabi/13.2.0/../../../../arm-none-eabi/lib/ds_arm9_crt0.o (__libnds_exit)
/opt/devkitpro/libnds/lib/libnds9.a(fifosystem.o)
                              /opt/devkitpro/libnds/lib/libnds9.a(initSystem.o) (fifoSetValue32Handler)
/opt/devkitpro/libnds/lib/libnds9.a(dcache.o)
                              /opt/devkitpro/nitro-engine/lib/libNE.a(NEFAT.o) (DC_FlushAll)
/opt/devkitpro/libnds/lib/libnds9.a(mpu_setup.o)
                              /opt/devkitpro/devkitARM/bin/../lib/gcc/arm-none-eabi/13.2.0/../../../../arm-none-eabi/lib/ds_arm9_crt0.o (__libnds_mpu_setup)
/opt/devkitpro/libnds/lib/libnds9.a(IntrWait.o)
                              /opt/devkitpro/nitro-engine/lib/libNE.a(NEGeneral.o) (swiWaitForVBlank)
/opt/devkitpro/libnds/lib/libnds9.a(cpu_clock.o)
                              /opt/devkitpro/libnds/lib/libnds9.a(initSystem.o) (setCpuClock)
/opt/devkitpro/libnds/lib/libnds9.a(interruptDispatcher.o)
                              /opt/devkitpro/libnds/lib/libnds9.a(interrupts.o) (IntrMain)
/opt/devkitpro/libnds/lib/libnds9.a(biosCalls.o)
                              /opt/devkitpro/libnds/lib/libnds9.a(system.o) (swiDelay)
/opt/devkitpro/libnds/lib/libnds9.a(debugprint.o)
                              /opt/devkitpro/libnds/lib/libnds9.a(console.o) (nocashWrite)
/opt/devkitpro/libnds/lib/libnds9.a(swiSoftReset.o)
[...]
Memory Configuration

Name             Origin             Length             Attributes
ewram            0x02000000         0x00380000
dtcm             0x02ff0000         0x00004000
vectors          0x01000000         0x00000100
itcm             0x01000100         0x00007f00
*default*        0x00000000         0xffffffff

Linker script and memory map

                0x02380000                        __ewram_end = (ORIGIN (ewram) + LENGTH (ewram))
                0x02380000                        __eheap_end = (ORIGIN (ewram) + LENGTH (ewram))
                0x02ff4000                        __dtcm_top = (ORIGIN (dtcm) + LENGTH (dtcm))
                0x02ff3ff8                        __irq_flags = (__dtcm_top - 0x8)
                0x02ff3ffc                        __irq_vector = (__dtcm_top - 0x4)
                0x02ff3f00                        __sp_svc = (__dtcm_top - 0x100)
                0x02ff3e00                        __sp_irq = (__sp_svc - 0x100)
                0x02ff3d00                        __sp_usr = (__sp_irq - 0x100)

.secure         0x02000000      0x800
 *(.secure)
 .secure        0x02000000      0x800 /opt/devkitpro/libnds/lib/libnds9.a(securearea.o)
                0x02000000                __secure_area__

.crt0           0x02000800      0x300
                0x02000800                        __text_start = .
 *(.crt0)
 .crt0          0x02000800      0x300 /opt/devkitpro/devkitARM/bin/../lib/gcc/arm-none-eabi/13.2.0/../../../../arm-none-eabi/lib/ds_arm9_crt0.o
                0x02000800                _start
                0x02000b00                        . = ALIGN (0x4)

.plt
 *(.plt)

.init           0x02000b00       0x18
 *(SORT_NONE(.init))
 .init          0x02000b00        0xc /opt/devkitpro/devkitARM/bin/../lib/gcc/arm-none-eabi/13.2.0/crti.o
                0x02000b00                _init
 .init          0x02000b0c        0xc /opt/devkitpro/devkitARM/bin/../lib/gcc/arm-none-eabi/13.2.0/crtn.o

.text           0x02000b18    0x1b1b0
 *(EXCLUDE_FILE(*.twl* *.vectors* *.itcm*) .text)
 .text          0x02000b18       0x20 main.o
                0x02000b18                Draw3DScene
 .text          0x02000b38     0x1644 /opt/devkitpro/nitro-engine/lib/libNE.a(NECamera.o)
                0x02000e50                NE_CameraCreate
                0x02000e98                NE_CameraSetI
                0x02000ec0                NE_CameraUse
                0x020013c8                NE_CameraMoveFreeI
                0x02001920                NE_CameraMoveI
                0x02001950                NE_CameraRotate
                0x02001b44                NE_CameraRotateAxisI
                0x02001b58                NE_CameraRotateFree
                0x02002014                NE_CameraDelete
                0x02002040                NE_CameraSystemReset
                0x0200207c                NE_CameraSystemEnd
                0x02002090                NE_ViewPush
                0x0200209c                NE_ViewPop
                0x020020a8                NE_ViewMoveI
                0x020020b8                NE_ViewRotate
                0x0200216c                NE_ViewScaleI
 .text          0x0200217c     0x15b8 /opt/devkitpro/nitro-engine/lib/libNE.a(NEGeneral.o)
                0x0200261c                NE_CurrentExecutionMode
                0x02002628                NE_End
                0x0200263c                NE_Viewport
                0x02002c90                NE_MainScreenSetOnTop
                0x02002c9c                NE_MainScreenSetOnBottom
                0x02002ca8                NE_MainScreenIsOnTop
                0x02002cb4                NE_SwapScreens
                0x02002cc4                NE_SetFov
                0x02002cd0                NE_UpdateInput
                0x02002cfc                NE_Init3D
                0x02002d54                NE_InitDual3D
                0x02002e34                NE_InitDual3D_FB
                0x02002f48                NE_InitDual3D_DMA
                0x02002fb4                NE_InitConsole
                0x02003080                NE_SetConsoleColor
                0x0200308c                NE_Process
                0x020030a4                NE_ProcessArg
                0x020030c0                NE_ProcessDual
                0x020031b0                NE_ProcessDualArg
                0x020032bc                NE_ClippingPlanesSetI
                0x020032c8                NE_AntialiasEnable
                0x020032e4                NE_GetPolygonCount
                0x02003300                NE_GetVertexCount
                0x0200331c                NE_VBLFunc
                0x020033a4                NE_SpecialEffectPause
                0x02003408                NE_HBLFunc
                0x02003494                NE_SpecialEffectNoiseConfig
                0x020034a0                NE_SpecialEffectSineConfig
                0x020034ac                NE_SpecialEffectSet
                0x020034c4                NE_WaitForVBL
                0x0200354c                NE_GetCPUPercent
                0x02003558                NE_GPUIsRendering
                0x02003574                NE_TouchTestStart
                0x02003680                NE_TouchTestObject
                0x020036b8                NE_TouchTestResult
                0x02003704                NE_TouchTestEnd
 .text          0x02003734      0xf88 /opt/devkitpro/nitro-engine/lib/libNE.a(NEGUI.o)
                0x0200379c                NE_GUIUpdate
                0x02003ce8                NE_GUIDraw
                0x020040f8                NE_GUIButtonCreate
                0x0200418c                NE_GUICheckBoxCreate
                0x0200422c                NE_GUIRadioButtonCreate
                0x020042ec                NE_GUISlideBarCreate
                0x02004498                NE_GUIButtonConfig
                0x020044b0                NE_GUICheckBoxConfig
                0x020044c8                NE_GUIRadioButtonConfig
                0x020044e0                NE_GUISlideBarConfig
                0x02004504                NE_GUISlideBarSetMinMax
                0x020045bc                NE_GUIObjectGetEvent
                0x020045f0                NE_GUICheckBoxGetValue
                0x020045f8                NE_GUIRadioButtonGetValue
                0x02004600                NE_GUISlideBarGetValue
                0x0200460c                NE_GUIDeleteObject
                0x02004644                NE_GUIDeleteAll
                0x02004658                NE_GUISystemReset
                0x0200469c                NE_GUISystemEnd
 .text          0x020046bc      0x7b8 /opt/devkitpro/nitro-engine/lib/libNE.a(NEModel.o)
                0x0200472c                NE_ModelCreate
                0x020047a0                NE_ModelDelete
                0x020047b4                NE_ModelLoadStaticMeshFAT
                0x02004844                NE_ModelLoadStaticMesh
                0x020048b0                NE_ModelFreeMeshWhenDeleted
                0x020048cc                NE_ModelSetMaterial
                0x020048d0                NE_ModelSetAnimation
                0x020048e4                NE_ModelSetAnimationSecondary
                0x020048f8                NE_ModelDraw
                0x02004a7c                NE_ModelClone
                0x02004b0c                NE_ModelScaleI
                0x02004b14                NE_ModelTranslateI
                0x02004b2c                NE_ModelSetCoordI
                0x02004b34                NE_ModelRotate
                0x02004b58                NE_ModelSetRot
                0x02004b60                NE_ModelAnimateAll
                0x02004bf4                NE_ModelAnimStart
                0x02004c00                NE_ModelAnimSecondaryStart
                0x02004c10                NE_ModelAnimSetSpeed
                0x02004c18                NE_ModelAnimSecondarySetSpeed
                0x02004c20                NE_ModelAnimGetFrame
                0x02004c28                NE_ModelAnimSecondaryGetFrame
                0x02004c30                NE_ModelAnimSetFrame
                0x02004c38                NE_ModelAnimSecondarySetFrame
                0x02004c40                NE_ModelAnimSecondarySetFactor
                0x02004c54                NE_ModelAnimSecondaryClear
                0x02004c80                NE_ModelLoadDSMFAT
                0x02004d10                NE_ModelLoadDSM
                0x02004d7c                NE_ModelDeleteAll
                0x02004da8                NE_ModelSystemReset
                0x02004e34                NE_ModelSystemEnd
 .text          0x02004e74      0x6e0 /opt/devkitpro/nitro-engine/lib/libNE.a(NEPhysics.o)
                0x02005350                NE_PhysicsCreate
                0x020053b8                NE_PhysicsDelete
                0x020053ec                NE_PhysicsDeleteAll
                0x02005400                NE_PhysicsSystemReset
                0x02005444                NE_PhysicsSystemEnd
                0x02005464                NE_PhysicsSetRadiusI
                0x02005468                NE_PhysicsSetSpeedI
                0x02005470                NE_PhysicsSetSizeI
                0x02005478                NE_PhysicsSetGravityI
                0x0200547c                NE_PhysicsSetFrictionI
                0x02005480                NE_PhysicsSetBounceEnergy
                0x02005484                NE_PhysicsEnable
                0x02005488                NE_PhysicsSetModel
                0x0200548c                NE_PhysicsSetGroup
                0x02005490                NE_PhysicsOnCollision
                0x02005498                NE_PhysicsIsColliding
                0x020054a0                NE_PhysicsUpdateAll
                0x020054d4                NE_PhysicsUpdate
                0x020054f0                NE_PhysicsCheckCollision
 .text          0x02005554      0x288 /opt/devkitpro/nitro-engine/lib/libNE.a(NEPolygon.o)
                0x02005554                NE_LightOff
                0x02005568                NE_LightSetColor
                0x02005578                NE_LightSetI
                0x020055b0                NE_ShininessTableGenerate
                0x02005654                NE_PolyFormat
                0x02005670                NE_OutliningSetColor
                0x02005684                NE_ShadingEnable
                0x020056c8                NE_FogEnable
                0x0200572c                NE_FogEnableBackground
                0x02005754                NE_ClearColorSet
                0x0200578c                NE_ClearBMPEnable
 .text          0x020057dc      0x478 /opt/devkitpro/nitro-engine/lib/libNE.a(NEText.o)
                0x02005898                NE_TextPrioritySet
                0x020058a4                NE_TextPriorityReset
                0x020058b0                NE_TextInit
                0x020058c8                NE_TextEnd
                0x020058e0                NE_TextResetSystem
                0x020058fc                NE_TextPrint
                0x020059b8                NE_TextPrintBox
                0x02005ac0                NE_TextPrintFree
                0x02005b5c                NE_TextPrintBoxFree
 .text          0x02005c54      0x9d8 /opt/devkitpro/nitro-engine/lib/libNE.a(NETexture.o)
                0x02005d24                NE_MaterialCreate
                0x02005d78                NE_MaterialColorSet
                0x02005d7c                NE_MaterialColorDelete
                0x02005d88                NE_MaterialTexLoad
                0x02006174                NE_MaterialTexLoadFAT
                0x020061b8                NE_MaterialClone
                0x020061e0                NE_MaterialSetPalette
                0x020061e4                NE_MaterialUse
                0x0200624c                NE_TextureSystemReset
                0x020063e0                NE_MaterialDelete
                0x0200641c                NE_TextureFreeMem
                0x0200643c                NE_TextureFreeMemPercent
                0x0200645c                NE_TextureDefragMem
                0x02006460                NE_TextureSystemEnd
                0x02006474                __NE_TextureGetRawX
                0x0200648c                __NE_TextureGetRawY
                0x020064a4                NE_TextureGetRealSizeX
                0x020064c0                NE_TextureGetRealSizeY
                0x020064dc                NE_TextureGetSizeX
                0x020064f4                NE_TextureGetSizeY
                0x0200650c                NE_MaterialSetPropierties
                0x02006530                NE_MaterialSetDefaultPropierties
                0x02006568                NE_TextureDrawingStart
                0x020065b8                NE_TexturePutPixelRGBA
                0x020065dc                NE_TexturePutPixelRGB256
                0x02006618                NE_TextureDrawingEnd
 .text          0x0200662c        0x4 /opt/devkitpro/nitro-engine/lib/libNE.a(dsma.o)
                0x0200662c                DSMA_GetNumFrames
 .text          0x02006630      0x880 /opt/devkitpro/nitro-engine/lib/libNE.a(NE2D.o)
                0x02006680                NE_SpriteCreate
                0x020066d4                NE_SpriteSetPos
                0x020066dc                NE_SpriteSetSize
                0x020066e4                NE_SpriteSetRot
                0x020066e8                NE_SpriteSetScaleI
                0x020066ec                NE_SpriteSetMaterial
                0x020066f0                NE_SpriteSetPriority
                0x020066f4                NE_SpriteVisible
                0x020066f8                NE_SpriteSetParams
                0x02006700                NE_SpriteDelete
                0x02006734                NE_SpriteDeleteAll
                0x02006748                NE_SpriteSystemReset
                0x0200678c                NE_SpriteSystemEnd
                0x020067ac                NE_2DViewInit
                0x0200696c                NE_2DViewRotateScaleByPositionI
                0x020069d4                NE_2DViewRotateByPosition
                0x02006a24                NE_2DViewScaleByPositionI
                0x02006a50                NE_2DDrawQuad
                0x02006aa4                NE_2DDrawQuadGradient
                0x02006b04                NE_2DDrawTexturedQuad
                0x02006b94                NE_2DDrawTexturedQuadColor
                0x02006c2c                NE_SpriteDraw
                0x02006cf4                NE_SpriteDrawAll
                0x02006dfc                NE_2DDrawTexturedQuadGradient
 .text          0x02006eb0      0x40c /opt/devkitpro/nitro-engine/lib/libNE.a(NEAlloc.o)
                0x02006f34                NE_AllocInit
                0x02006f78                NE_AllocEnd
                0x02006fa0                NE_AllocFindInRange
                0x02006ffc                NE_AllocAddress
                0x020070f0                NE_Alloc
                0x0200716c                NE_AllocFromEnd
                0x020071d4                NE_Free
                0x020071e8                NE_Lock
                0x02007218                NE_Unlock
                0x02007248                NE_MemGetInformation
 .text          0x020072bc      0x1f4 /opt/devkitpro/nitro-engine/lib/libNE.a(NEAnimation.o)
                0x020072fc                NE_AnimationCreate
                0x02007338                NE_AnimationDelete
                0x0200734c                NE_AnimationLoadFAT
                0x020073a0                NE_AnimationLoad
                0x020073e4                NE_AnimationDeleteAll
                0x02007410                NE_AnimationSystemReset
                0x02007478                NE_AnimationSystemEnd
 .text          0x020074b0       0xac /opt/devkitpro/nitro-engine/lib/libNE.a(NEDisplayList.o)
                0x020074b0                NE_DisplayListDrawCPU
                0x020074c8                NE_DisplayListDrawDMA_GFX_FIFO
                0x02007530                NE_DisplayListSetDefaultFunction
                0x0200754c                NE_DisplayListDrawDefault
 .text          0x0200755c      0x238 /opt/devkitpro/nitro-engine/lib/libNE.a(NEFAT.o)
                0x0200755c                NE_FATLoadData
                0x020075b4                NE_FATFileSize
                0x020075f0                NE_ScreenshotBMP
 .text          0x02007794      0x30c /opt/devkitpro/nitro-engine/lib/libNE.a(NEPalette.o)
                0x02007820                NE_PaletteCreate
                0x02007860                NE_PaletteLoad
                0x020078fc                NE_PaletteLoadFAT
                0x02007948                NE_PaletteLoadSize
                0x02007954                NE_PaletteDelete
                0x02007968                NE_PaletteUse
                0x02007990                NE_PaletteSystemReset
                0x02007a04                NE_PaletteFreeMem
                0x02007a24                NE_PaletteFreeMemPercent
                0x02007a44                NE_PaletteDefragMem
                0x02007a48                NE_PaletteSystemEnd
                0x02007a5c                NE_PaletteModificationStart
                0x02007a78                NE_PaletteRGB256SetColor
                0x02007a88                NE_PaletteModificationEnd
 .text          0x02007aa0      0x114 /opt/devkitpro/devkitARM/bin/../lib/gcc/arm-none-eabi/13.2.0/libgcc.a(_udivsi3.o)
                0x02007aa0                __udivsi3
                0x02007aa0                __aeabi_uidiv
                0x02007b94                __aeabi_uidivmod
 .text          0x02007bb4      0x148 /opt/devkitpro/devkitARM/bin/../lib/gcc/arm-none-eabi/13.2.0/libgcc.a(_divsi3.o)
                0x02007bb4                __aeabi_idiv
                0x02007bb4                __divsi3
                0x02007cdc                __aeabi_idivmod
 .text          0x02007cfc        0x4 /opt/devkitpro/devkitARM/bin/../lib/gcc/arm-none-eabi/13.2.0/libgcc.a(_dvmd_tls.o)
                0x02007cfc                __aeabi_ldiv0
                0x02007cfc                __aeabi_idiv0
 .text          0x02007d00      0x424 /opt/devkitpro/devkitARM/bin/../lib/gcc/arm-none-eabi/13.2.0/libgcc.a(_arm_addsubdf3.o)
                0x02007d00                __aeabi_drsub
                0x02007d08                __aeabi_dsub
                0x02007d08                __subdf3
                0x02007d0c                __adddf3
                0x02007d0c                __aeabi_dadd
                0x0200801c                __aeabi_ui2d
                0x0200801c                __floatunsidf
                0x02008040                __floatsidf
                0x02008040                __aeabi_i2d
                0x02008068                __extendsfdf2
                0x02008068                __aeabi_f2d
                0x020080b0                __aeabi_ul2d
                0x020080b0                __floatundidf
                0x020080c4                __floatdidf
                0x020080c4                __aeabi_l2d
 .text          0x02008124      0x49c /opt/devkitpro/devkitARM/bin/../lib/gcc/arm-none-eabi/13.2.0/libgcc.a(_arm_muldivdf3.o)
                0x02008124                __aeabi_dmul
                0x02008124                __muldf3
                0x020083b4                __aeabi_ddiv
                0x020083b4                __divdf3
 .text          0x020085c0      0x144 /opt/devkitpro/devkitARM/bin/../lib/gcc/arm-none-eabi/13.2.0/libgcc.a(_arm_cmpdf2.o)
                0x020085c0                __gtdf2
                0x020085c0                __gedf2
                0x020085c8                __ltdf2
                0x020085c8                __ledf2
                0x020085d0                __cmpdf2
                0x020085d0                __eqdf2
                0x020085d0                __nedf2
                0x02008658                __aeabi_cdrcmple
                0x02008674                __aeabi_cdcmple
                0x02008674                __aeabi_cdcmpeq
                0x0200868c                __aeabi_dcmpeq
                0x020086a4                __aeabi_dcmplt
                0x020086bc                __aeabi_dcmple
                0x020086d4                __aeabi_dcmpge
                0x020086ec                __aeabi_dcmpgt
 .text          0x02008704       0x38 /opt/devkitpro/devkitARM/bin/../lib/gcc/arm-none-eabi/13.2.0/libgcc.a(_arm_unorddf2.o)
                0x02008704                __aeabi_dcmpun
                0x02008704                __unorddf2
 .text          0x0200873c       0x5c /opt/devkitpro/devkitARM/bin/../lib/gcc/arm-none-eabi/13.2.0/libgcc.a(_arm_fixdfsi.o)
                0x0200873c                __fixdfsi
                0x0200873c                __aeabi_d2iz
 .text          0x02008798       0x3c /opt/devkitpro/devkitARM/bin/../lib/gcc/arm-none-eabi/13.2.0/libgcc.a(_aeabi_uldivmod.o)
                0x02008798                __aeabi_uldivmod
 .text          0x020087d4       0x28 /opt/devkitpro/devkitARM/bin/../lib/gcc/arm-none-eabi/13.2.0/libgcc.a(_clzdi2.o)
                0x020087d4                __clzdi2
 .text          0x020087fc       0x48 /opt/devkitpro/devkitARM/bin/../lib/gcc/arm-none-eabi/13.2.0/libgcc.a(_clzsi2.o)
                0x020087fc                __clzsi2
 *(EXCLUDE_FILE(*.twl* *.vectors* *.itcm*) .stub)
 *(EXCLUDE_FILE(*.twl* *.vectors* *.itcm*) .text.*)
 .text.__do_global_dtors_aux
                0x02008844       0x40 /opt/devkitpro/devkitARM/bin/../lib/gcc/arm-none-eabi/13.2.0/crtbegin.o
 .text.frame_dummy
                0x02008884       0x30 /opt/devkitpro/devkitARM/bin/../lib/gcc/arm-none-eabi/13.2.0/crtbegin.o
 .text.startup  0x020088b4      0x230 main.o
                0x020088b4                main
 .text.sinLutLookup
                0x02008ae4       0x4c /opt/devkitpro/libnds/lib/libnds9.a(trig.o)
                0x02008ae4                sinLutLookup
 .text.sinLerp  0x02008b30       0x40 /opt/devkitpro/libnds/lib/libnds9.a(trig.o)
                0x02008b30                sinLerp
 .text.cosLerp  0x02008b70       0x4c /opt/devkitpro/libnds/lib/libnds9.a(trig.o)
                0x02008b70                cosLerp
 .text.tanLerp  0x02008bbc       0xb0 /opt/devkitpro/libnds/lib/libnds9.a(trig.o)
                0x02008bbc                tanLerp
 .text.vramSetPrimaryBanks
                0x02008c6c       0x44 /opt/devkitpro/libnds/lib/libnds9.a(video.o)
                0x02008c6c                vramSetPrimaryBanks
 .text.vramRestorePrimaryBanks
                0x02008cb0        0xc /opt/devkitpro/libnds/lib/libnds9.a(video.o)
                0x02008cb0                vramRestorePrimaryBanks
 .text.vramDefault
                0x02008cbc       0xd0 /opt/devkitpro/libnds/lib/libnds9.a(video.o)
                0x02008cbc                vramDefault
 .text.touchRead
                0x02008d8c       0x24 /opt/devkitpro/libnds/lib/libnds9.a(touch.o)
                0x02008d8c                touchRead
 .text.systemValueHandler
                0x02008db0       0x48 /opt/devkitpro/libnds/lib/libnds9.a(system.o)
                0x02008db0                systemValueHandler
 .text.systemMsgHandler
                0x02008df8       0x60 /opt/devkitpro/libnds/lib/libnds9.a(system.o)
                0x02008df8                systemMsgHandler
 .text.powerOn  0x02008e58       0x2c /opt/devkitpro/libnds/lib/libnds9.a(system.o)
                0x02008e58                powerOn
 .text.powerOff
                0x02008e84       0x28 /opt/devkitpro/libnds/lib/libnds9.a(system.o)
                0x02008e84                powerOff
 .text.newRow   0x02008eac       0xa8 /opt/devkitpro/libnds/lib/libnds9.a(console.o)
 .text.consolePrintChar
                0x02008f54       0xe0 /opt/devkitpro/libnds/lib/libnds9.a(console.o)
                0x02008f54                consolePrintChar
 .text.con_write
                0x02009034      0x36c /opt/devkitpro/libnds/lib/libnds9.a(console.o)
                0x02009034                con_write
 .text.consoleLoadFont
                0x020093a0      0x2a0 /opt/devkitpro/libnds/lib/libnds9.a(console.o)
                0x020093a0                consoleLoadFont
 .text.consoleInit
                0x02009640      0x18c /opt/devkitpro/libnds/lib/libnds9.a(console.o)
                0x02009640                consoleInit
 .text.consoleDemoInit
                0x020097cc       0x40 /opt/devkitpro/libnds/lib/libnds9.a(console.o)
                0x020097cc                consoleDemoInit
 .text.scanKeys
                0x0200980c       0x8c /opt/devkitpro/libnds/lib/libnds9.a(keys.o)
                0x0200980c                scanKeys
 .text.keysHeld
                0x02009898        0xc /opt/devkitpro/libnds/lib/libnds9.a(keys.o)
                0x02009898                keysHeld
 .text.keysDown
                0x020098a4       0x14 /opt/devkitpro/libnds/lib/libnds9.a(keys.o)
                0x020098a4                keysDown
 .text.keysUp   0x020098b8       0x18 /opt/devkitpro/libnds/lib/libnds9.a(keys.o)
                0x020098b8                keysUp
 .text.__syscall_exit
                0x020098d0        0x8 /opt/devkitpro/libnds/lib/libnds9.a(initSystem.o)
                0x020098d0                __syscall_exit
 .text.initSystem
                0x020098d8      0x180 /opt/devkitpro/libnds/lib/libnds9.a(initSystem.o)
                0x020098d8                initSystem
 .text.irqDummy
                0x02009a58        0x4 /opt/devkitpro/libnds/lib/libnds9.a(interrupts.o)
                0x02009a58                irqDummy
 .text.irqSet   0x02009a5c       0x6c /opt/devkitpro/libnds/lib/libnds9.a(interrupts.o)
                0x02009a5c                irqSet
 .text.irqInit  0x02009ac8       0x50 /opt/devkitpro/libnds/lib/libnds9.a(interrupts.o)
                0x02009ac8                irqInit
 .text.irqEnable
                0x02009b18       0x64 /opt/devkitpro/libnds/lib/libnds9.a(interrupts.o)
                0x02009b18                irqEnable
 .text.systemErrorExit
                0x02009b7c        0x4 /opt/devkitpro/libnds/lib/libnds9.a(libnds_exit.arm.o)
                0x02009b7c                systemErrorExit
 .text.__libnds_exit
                0x02009b80       0x5c /opt/devkitpro/libnds/lib/libnds9.a(libnds_exit.arm.o)
                0x02009b80                __libnds_exit
 .text.fifo_queueBlock
                0x02009bdc       0x44 /opt/devkitpro/libnds/lib/libnds9.a(fifosystem.o)
 .text.fifo_waitBlock
                0x02009c20       0x80 /opt/devkitpro/libnds/lib/libnds9.a(fifosystem.o)
 .text.fifoInternalSend.part.0
                0x02009ca0       0xd4 /opt/devkitpro/libnds/lib/libnds9.a(fifosystem.o)
 .text.fifoInternalSendInterrupt
                0x02009d74       0xb0 /opt/devkitpro/libnds/lib/libnds9.a(fifosystem.o)
 .text.fifoSetValue32Handler
                0x02009e24       0xd4 /opt/devkitpro/libnds/lib/libnds9.a(fifosystem.o)
                0x02009e24                fifoSetValue32Handler
 .text.fifoSendValue32
                0x02009ef8       0x4c /opt/devkitpro/libnds/lib/libnds9.a(fifosystem.o)
                0x02009ef8                fifoSendValue32
 .text.fifoGetDatamsg
                0x02009f44       0xf4 /opt/devkitpro/libnds/lib/libnds9.a(fifosystem.o)
                0x02009f44                fifoGetDatamsg
 .text.fifoInternalRecvInterrupt
                0x0200a038      0x37c /opt/devkitpro/libnds/lib/libnds9.a(fifosystem.o)
 .text.fifoSetDatamsgHandler
                0x0200a3b4       0x9c /opt/devkitpro/libnds/lib/libnds9.a(fifosystem.o)
                0x0200a3b4                fifoSetDatamsgHandler
 .text.fifoInit
                0x0200a450      0x108 /opt/devkitpro/libnds/lib/libnds9.a(fifosystem.o)
                0x0200a450                fifoInit
 .text.DC_FlushAll
                0x0200a558       0x2c /opt/devkitpro/libnds/lib/libnds9.a(dcache.o)
                0x0200a558                DC_FlushAll
 .text.DC_FlushRange
                0x0200a584       0x24 /opt/devkitpro/libnds/lib/libnds9.a(dcache.o)
                0x0200a584                DC_FlushRange
 .text.__libnds_mpu_setup
                0x0200a5a8      0x174 /opt/devkitpro/libnds/lib/libnds9.a(mpu_setup.o)
                0x0200a5a8                __libnds_mpu_setup
 .text.memUncached
                0x0200a71c       0x20 /opt/devkitpro/libnds/lib/libnds9.a(mpu_setup.o)
                0x0200a71c                memUncached
 .text.swiWaitForVBlank
                0x0200a73c        0x8 /opt/devkitpro/libnds/lib/libnds9.a(IntrWait.o)
                0x0200a73c                swiWaitForVBlank
 .text.swiIntrWait
                0x0200a744       0x70 /opt/devkitpro/libnds/lib/libnds9.a(IntrWait.o)
                0x0200a744                swiIntrWait
 .text.setCpuClock
                0x0200a7b4       0x50 /opt/devkitpro/libnds/lib/libnds9.a(cpu_clock.o)
                0x0200a7b4                setCpuClock
 .text.swiDelay
                0x0200a804        0x4 /opt/devkitpro/libnds/lib/libnds9.a(biosCalls.o)
                0x0200a804                swiDelay
 .text.swiCopy  0x0200a808        0x4 /opt/devkitpro/libnds/lib/libnds9.a(biosCalls.o)
                0x0200a808                swiCopy
 .text.swiSoftReset
                0x0200a80c       0x2c /opt/devkitpro/libnds/lib/libnds9.a(swiSoftReset.o)
                0x0200a80c                swiSoftReset
 .text.checkIfText
                0x0200a838       0x5c /opt/devkitpro/libnds/lib/libnds9.a(background.o)
                0x0200a838                checkIfText
 .text.bgUpdate
                0x0200a894       0xf4 /opt/devkitpro/libnds/lib/libnds9.a(background.o)
                0x0200a894                bgUpdate
 .text.bgInit_call
                0x0200a988       0xc4 /opt/devkitpro/libnds/lib/libnds9.a(background.o)
                0x0200a988                bgInit_call
 .text.bgInitSub_call
                0x0200aa4c       0xcc /opt/devkitpro/libnds/lib/libnds9.a(background.o)
                0x0200aa4c                bgInitSub_call
 .text.__muldi3
                0x0200ab18       0x18 /opt/devkitpro/devkitARM/bin/../lib/gcc/arm-none-eabi/13.2.0/libgcc.a(_muldi3.o)
                0x0200ab18                __aeabi_lmul
                0x0200ab18                __muldi3
 .text.printf   0x0200ab30       0x34 /opt/devkitpro/devkitARM/bin/../lib/gcc/arm-none-eabi/13.2.0/../../../../arm-none-eabi/lib/libg.a(libc_a-printf.o)
                0x0200ab30                printf
 .text.rewind   0x0200ab64       0x30 /opt/devkitpro/devkitARM/bin/../lib/gcc/arm-none-eabi/13.2.0/../../../../arm-none-eabi/lib/libg.a(libc_a-rewind.o)
                0x0200ab64                rewind
 .text.siscanf  0x0200ab94       0x74 /opt/devkitpro/devkitARM/bin/../lib/gcc/arm-none-eabi/13.2.0/../../../../arm-none-eabi/lib/libg.a(libc_a-siscanf.o)
                0x0200ab94                siscanf
 .text.calloc   0x0200ac08       0x24 /opt/devkitpro/devkitARM/bin/../lib/gcc/arm-none-eabi/13.2.0/../../../../arm-none-eabi/lib/libg.a(libc_a-calloc.o)
                0x0200ac08                calloc
 .text._calloc_r
                0x0200ac2c       0xd0 /opt/devkitpro/devkitARM/bin/../lib/gcc/arm-none-eabi/13.2.0/../../../../arm-none-eabi/lib/libg.a(libc_a-callocr.o)
                0x0200ac2c                _calloc_r
 .text.setvbuf  0x0200acfc      0x25c /opt/devkitpro/devkitARM/bin/../lib/gcc/arm-none-eabi/13.2.0/../../../../arm-none-eabi/lib/libg.a(libc_a-setvbuf.o)
                0x0200acfc                setvbuf
 .text.get_arg  0x0200af58       0x54 /opt/devkitpro/devkitARM/bin/../lib/gcc/arm-none-eabi/13.2.0/../../../../arm-none-eabi/lib/libg.a(libc_a-svfiscanf.o)
 .text._sungetc_r
                0x0200afac       0xe4 /opt/devkitpro/devkitARM/bin/../lib/gcc/arm-none-eabi/13.2.0/../../../../arm-none-eabi/lib/libg.a(libc_a-svfiscanf.o)
                0x0200afac                _sungetc_r
 .text.__ssrefill_r
                0x0200b090       0x68 /opt/devkitpro/devkitARM/bin/../lib/gcc/arm-none-eabi/13.2.0/../../../../arm-none-eabi/lib/libg.a(libc_a-svfiscanf.o)
                0x0200b090                __ssrefill_r
 .text._sfread_r
                0x0200b0f8       0xc8 /opt/devkitpro/devkitARM/bin/../lib/gcc/arm-none-eabi/13.2.0/../../../../arm-none-eabi/lib/libg.a(libc_a-svfiscanf.o)
                0x0200b0f8                _sfread_r
 .text.__ssvfiscanf_r
                0x0200b1c0     0x22dc /opt/devkitpro/devkitARM/bin/../lib/gcc/arm-none-eabi/13.2.0/../../../../arm-none-eabi/lib/libg.a(libc_a-svfiscanf.o)
                0x0200b1c0                __ssvfiscanf_r
 .text._malloc_trim_r
                0x0200d49c      0x100 /opt/devkitpro/devkitARM/bin/../lib/gcc/arm-none-eabi/13.2.0/../../../../arm-none-eabi/lib/libg.a(libc_a-freer.o)
                0x0200d49c                _malloc_trim_r
 .text._free_r  0x0200d59c      0x2e8 /opt/devkitpro/devkitARM/bin/../lib/gcc/arm-none-eabi/13.2.0/../../../../arm-none-eabi/lib/libg.a(libc_a-freer.o)
                0x0200d59c                _free_r
 .text._fclose_r
                0x0200d884      0x150 /opt/devkitpro/devkitARM/bin/../lib/gcc/arm-none-eabi/13.2.0/../../../../arm-none-eabi/lib/libg.a(libc_a-fclose.o)
                0x0200d884                _fclose_r
 .text.fclose   0x0200d9d4       0x18 /opt/devkitpro/devkitARM/bin/../lib/gcc/arm-none-eabi/13.2.0/../../../../arm-none-eabi/lib/libg.a(libc_a-fclose.o)
                0x0200d9d4                fclose
 .text.malloc   0x0200d9ec       0x1c /opt/devkitpro/devkitARM/bin/../lib/gcc/arm-none-eabi/13.2.0/../../../../arm-none-eabi/lib/libg.a(libc_a-malloc.o)
                0x0200d9ec                malloc
 .text.free     0x0200da08       0x1c /opt/devkitpro/devkitARM/bin/../lib/gcc/arm-none-eabi/13.2.0/../../../../arm-none-eabi/lib/libg.a(libc_a-malloc.o)
                0x0200da08                free
 .text._malloc_r
                0x0200da24      0x7a4 /opt/devkitpro/devkitARM/bin/../lib/gcc/arm-none-eabi/13.2.0/../../../../arm-none-eabi/lib/libg.a(libc_a-mallocr.o)
                0x0200da24                _malloc_r
 .text.memset   0x0200e1c8       0xfc /opt/devkitpro/devkitARM/bin/../lib/gcc/arm-none-eabi/13.2.0/../../../../arm-none-eabi/lib/libg.a(libc_a-memset.o)
                0x0200e1c8                memset
 .text.__malloc_lock
                0x0200e2c4       0x18 /opt/devkitpro/devkitARM/bin/../lib/gcc/arm-none-eabi/13.2.0/../../../../arm-none-eabi/lib/libg.a(libc_a-mlock.o)
                0x0200e2c4                __malloc_lock
 .text.__malloc_unlock
                0x0200e2dc       0x18 /opt/devkitpro/devkitARM/bin/../lib/gcc/arm-none-eabi/13.2.0/../../../../arm-none-eabi/lib/libg.a(libc_a-mlock.o)
                0x0200e2dc                __malloc_unlock
 .text.get_arg  0x0200e2f4      0x654 /opt/devkitpro/devkitARM/bin/../lib/gcc/arm-none-eabi/13.2.0/../../../../arm-none-eabi/lib/libg.a(libc_a-vfprintf.o)
 .text._vfprintf_r
                0x0200e948     0x35f8 /opt/devkitpro/devkitARM/bin/../lib/gcc/arm-none-eabi/13.2.0/../../../../arm-none-eabi/lib/libg.a(libc_a-vfprintf.o)
                0x0200e948                _vfprintf_r
 .text.__sbprintf
                0x02011f40       0xbc /opt/devkitpro/devkitARM/bin/../lib/gcc/arm-none-eabi/13.2.0/../../../../arm-none-eabi/lib/libg.a(libc_a-vfprintf.o)
 .text.strlen   0x02011ffc       0x94 /opt/devkitpro/devkitARM/bin/../lib/gcc/arm-none-eabi/13.2.0/../../../../arm-none-eabi/lib/libg.a(libc_a-strlen.o)
                0x02011ffc                strlen
 .text._fopen_r
                0x02012090      0x138 /opt/devkitpro/devkitARM/bin/../lib/gcc/arm-none-eabi/13.2.0/../../../../arm-none-eabi/lib/libg.a(libc_a-fopen.o)
                0x02012090                _fopen_r
 .text.fopen    0x020121c8       0x20 /opt/devkitpro/devkitARM/bin/../lib/gcc/arm-none-eabi/13.2.0/../../../../arm-none-eabi/lib/libg.a(libc_a-fopen.o)
                0x020121c8                fopen
 .text.__sflush_r
                0x020121e8      0x248 /opt/devkitpro/devkitARM/bin/../lib/gcc/arm-none-eabi/13.2.0/../../../../arm-none-eabi/lib/libg.a(libc_a-fflush.o)
                0x020121e8                __sflush_r
 .text._fflush_r
                0x02012430       0x9c /opt/devkitpro/devkitARM/bin/../lib/gcc/arm-none-eabi/13.2.0/../../../../arm-none-eabi/lib/libg.a(libc_a-fflush.o)
                0x02012430                _fflush_r
 .text.ftell    0x020124cc       0x30 /opt/devkitpro/devkitARM/bin/../lib/gcc/arm-none-eabi/13.2.0/../../../../arm-none-eabi/lib/libg.a(libc_a-ftell.o)
                0x020124cc                ftell
 .text._fwalk_sglue
                0x020124fc       0x78 /opt/devkitpro/devkitARM/bin/../lib/gcc/arm-none-eabi/13.2.0/../../../../arm-none-eabi/lib/libg.a(libc_a-fwalk.o)
                0x020124fc                _fwalk_sglue
 .text._fread_r
                0x02012574      0x33c /opt/devkitpro/devkitARM/bin/../lib/gcc/arm-none-eabi/13.2.0/../../../../arm-none-eabi/lib/libg.a(libc_a-fread.o)
                0x02012574                _fread_r
 .text.fread    0x020128b0       0x3c /opt/devkitpro/devkitARM/bin/../lib/gcc/arm-none-eabi/13.2.0/../../../../arm-none-eabi/lib/libg.a(libc_a-fread.o)
                0x020128b0                fread
 .text.strncpy  0x020128ec       0xd0 /opt/devkitpro/devkitARM/bin/../lib/gcc/arm-none-eabi/13.2.0/../../../../arm-none-eabi/lib/libg.a(libc_a-strncpy.o)
                0x020128ec                strncpy
 .text._fwrite_r
                0x020129bc       0xf4 /opt/devkitpro/devkitARM/bin/../lib/gcc/arm-none-eabi/13.2.0/../../../../arm-none-eabi/lib/libg.a(libc_a-fwrite.o)
                0x020129bc                _fwrite_r
 .text.fwrite   0x02012ab0       0x3c /opt/devkitpro/devkitARM/bin/../lib/gcc/arm-none-eabi/13.2.0/../../../../arm-none-eabi/lib/libg.a(libc_a-fwrite.o)
                0x02012ab0                fwrite
 .text.stdio_exit_handler
                0x02012aec       0x28 /opt/devkitpro/devkitARM/bin/../lib/gcc/arm-none-eabi/13.2.0/../../../../arm-none-eabi/lib/libg.a(libc_a-findfp.o)
 .text.cleanup_stdio
                0x02012b14       0x54 /opt/devkitpro/devkitARM/bin/../lib/gcc/arm-none-eabi/13.2.0/../../../../arm-none-eabi/lib/libg.a(libc_a-findfp.o)
 .text.global_stdio_init.part.0
                0x02012b68      0x158 /opt/devkitpro/devkitARM/bin/../lib/gcc/arm-none-eabi/13.2.0/../../../../arm-none-eabi/lib/libg.a(libc_a-findfp.o)
 .text.__sfp    0x02012cc0      0x138 /opt/devkitpro/devkitARM/bin/../lib/gcc/arm-none-eabi/13.2.0/../../../../arm-none-eabi/lib/libg.a(libc_a-findfp.o)
                0x02012cc0                __sfp
 .text.__sinit  0x02012df8       0x64 /opt/devkitpro/devkitARM/bin/../lib/gcc/arm-none-eabi/13.2.0/../../../../arm-none-eabi/lib/libg.a(libc_a-findfp.o)
                0x02012df8                __sinit
 .text.__sfp_lock_acquire
                0x02012e5c       0x18 /opt/devkitpro/devkitARM/bin/../lib/gcc/arm-none-eabi/13.2.0/../../../../arm-none-eabi/lib/libg.a(libc_a-findfp.o)
                0x02012e5c                __sfp_lock_acquire
 .text.__sfp_lock_release
                0x02012e74       0x18 /opt/devkitpro/devkitARM/bin/../lib/gcc/arm-none-eabi/13.2.0/../../../../arm-none-eabi/lib/libg.a(libc_a-findfp.o)
                0x02012e74                __sfp_lock_release
 .text.rand     0x02012e8c       0x48 /opt/devkitpro/devkitARM/bin/../lib/gcc/arm-none-eabi/13.2.0/../../../../arm-none-eabi/lib/libg.a(libc_a-rand.o)
                0x02012e8c                rand
 .text._fseek_r
                0x02012ed4       0x20 /opt/devkitpro/devkitARM/bin/../lib/gcc/arm-none-eabi/13.2.0/../../../../arm-none-eabi/lib/libg.a(libc_a-fseek.o)
                0x02012ed4                _fseek_r
 .text.fseek    0x02012ef4       0x38 /opt/devkitpro/devkitARM/bin/../lib/gcc/arm-none-eabi/13.2.0/../../../../arm-none-eabi/lib/libg.a(libc_a-fseek.o)
                0x02012ef4                fseek
 .text._strtol_l.part.0
                0x02012f2c      0x1b4 /opt/devkitpro/devkitARM/bin/../lib/gcc/arm-none-eabi/13.2.0/../../../../arm-none-eabi/lib/libg.a(libc_a-strtol.o)
 .text._strtol_r
                0x020130e0       0x64 /opt/devkitpro/devkitARM/bin/../lib/gcc/arm-none-eabi/13.2.0/../../../../arm-none-eabi/lib/libg.a(libc_a-strtol.o)
                0x020130e0                _strtol_r
 .text.realloc  0x02013144       0x24 /opt/devkitpro/devkitARM/bin/../lib/gcc/arm-none-eabi/13.2.0/../../../../arm-none-eabi/lib/libg.a(libc_a-realloc.o)
                0x02013144                realloc
 .text._strtoul_l.isra.0
                0x02013168      0x1dc /opt/devkitpro/devkitARM/bin/../lib/gcc/arm-none-eabi/13.2.0/../../../../arm-none-eabi/lib/libg.a(libc_a-strtoul.o)
 .text._strtoul_r
                0x02013344       0x30 /opt/devkitpro/devkitARM/bin/../lib/gcc/arm-none-eabi/13.2.0/../../../../arm-none-eabi/lib/libg.a(libc_a-strtoul.o)
                0x02013344                _strtoul_r
 .text.__locale_mb_cur_max
                0x02013374       0x28 /opt/devkitpro/devkitARM/bin/../lib/gcc/arm-none-eabi/13.2.0/../../../../arm-none-eabi/lib/libg.a(libc_a-locale.o)
                0x02013374                __locale_mb_cur_max
 .text._localeconv_r
                0x0201339c       0x28 /opt/devkitpro/devkitARM/bin/../lib/gcc/arm-none-eabi/13.2.0/../../../../arm-none-eabi/lib/libg.a(libc_a-localeconv.o)
                0x0201339c                _localeconv_r
 .text.memchr   0x020133c4       0xf0 /opt/devkitpro/devkitARM/bin/../lib/gcc/arm-none-eabi/13.2.0/../../../../arm-none-eabi/lib/libg.a(libc_a-memchr-stub.o)
                0x020133c4                memchr
 .text.__utf8_wctomb
                0x020134b4       0xf4 /opt/devkitpro/devkitARM/bin/../lib/gcc/arm-none-eabi/13.2.0/../../../../arm-none-eabi/lib/libg.a(libc_a-wctomb_r.o)
                0x020134b4                __utf8_wctomb
 .text.memcpy   0x020135a8      0x114 /opt/devkitpro/devkitARM/bin/../lib/gcc/arm-none-eabi/13.2.0/../../../../arm-none-eabi/lib/libg.a(libc_a-memcpy-stub.o)
                0x020135a8                memcpy
 .text.__libc_init_array
                0x020136bc       0x90 /opt/devkitpro/devkitARM/bin/../lib/gcc/arm-none-eabi/13.2.0/../../../../arm-none-eabi/lib/libg.a(libc_a-init.o)
                0x020136bc                __libc_init_array
 .text.__errno  0x0201374c       0x10 /opt/devkitpro/devkitARM/bin/../lib/gcc/arm-none-eabi/13.2.0/../../../../arm-none-eabi/lib/libg.a(libc_a-errno.o)
                0x0201374c                __errno
 .text.frexp    0x0201375c       0xa4 /opt/devkitpro/devkitARM/bin/../lib/gcc/arm-none-eabi/13.2.0/../../../../arm-none-eabi/lib/libg.a(libm_a-s_frexp.o)
                0x0201375c                frexp
 .text._strtoll_l.isra.0
                0x02013800      0x23c /opt/devkitpro/devkitARM/bin/../lib/gcc/arm-none-eabi/13.2.0/../../../../arm-none-eabi/lib/libg.a(libc_a-strtoll.o)
 .text._strtoll_r
                0x02013a3c       0x30 /opt/devkitpro/devkitARM/bin/../lib/gcc/arm-none-eabi/13.2.0/../../../../arm-none-eabi/lib/libg.a(libc_a-strtoll.o)
                0x02013a3c                _strtoll_r
 .text._strtoull_l.isra.0
                0x02013a6c      0x260 /opt/devkitpro/devkitARM/bin/../lib/gcc/arm-none-eabi/13.2.0/../../../../arm-none-eabi/lib/libg.a(libc_a-strtoull.o)
 .text._strtoull_r
                0x02013ccc       0x30 /opt/devkitpro/devkitARM/bin/../lib/gcc/arm-none-eabi/13.2.0/../../../../arm-none-eabi/lib/libg.a(libc_a-strtoull.o)
                0x02013ccc                _strtoull_r
 .text.iswspace
                0x02013cfc       0x14 /opt/devkitpro/devkitARM/bin/../lib/gcc/arm-none-eabi/13.2.0/../../../../arm-none-eabi/lib/libg.a(libc_a-iswspace.o)
                0x02013cfc                iswspace
 .text._mbrtowc_r
                0x02013d10       0xc0 /opt/devkitpro/devkitARM/bin/../lib/gcc/arm-none-eabi/13.2.0/../../../../arm-none-eabi/lib/libg.a(libc_a-mbrtowc.o)
                0x02013d10                _mbrtowc_r
 .text.__smakebuf_r
                0x02013dd0      0x138 /opt/devkitpro/devkitARM/bin/../lib/gcc/arm-none-eabi/13.2.0/../../../../arm-none-eabi/lib/libg.a(libc_a-makebuf.o)
                0x02013dd0                __smakebuf_r
 .text.__swhatbuf_r
                0x02013f08       0x80 /opt/devkitpro/devkitARM/bin/../lib/gcc/arm-none-eabi/13.2.0/../../../../arm-none-eabi/lib/libg.a(libc_a-makebuf.o)
                0x02013f08                __swhatbuf_r
 .text._wcrtomb_r
                0x02013f88       0xac /opt/devkitpro/devkitARM/bin/../lib/gcc/arm-none-eabi/13.2.0/../../../../arm-none-eabi/lib/libg.a(libc_a-wcrtomb.o)
                0x02013f88                _wcrtomb_r
 .text.iswspace_l
                0x02014034       0x40 /opt/devkitpro/devkitARM/bin/../lib/gcc/arm-none-eabi/13.2.0/../../../../arm-none-eabi/lib/libg.a(libc_a-iswspace_l.o)
                0x02014034                iswspace_l
 .text._wcsrtombs_r
                0x02014074       0x2c /opt/devkitpro/devkitARM/bin/../lib/gcc/arm-none-eabi/13.2.0/../../../../arm-none-eabi/lib/libg.a(libc_a-wcsrtombs.o)
                0x02014074                _wcsrtombs_r
 .text.__sccl   0x020140a0       0xe4 /opt/devkitpro/devkitARM/bin/../lib/gcc/arm-none-eabi/13.2.0/../../../../arm-none-eabi/lib/libg.a(libc_a-sccl.o)
                0x020140a0                __sccl
 .text.lflush   0x02014184       0x3c /opt/devkitpro/devkitARM/bin/../lib/gcc/arm-none-eabi/13.2.0/../../../../arm-none-eabi/lib/libg.a(libc_a-refill.o)
 .text.__srefill_r
                0x020141c0      0x19c /opt/devkitpro/devkitARM/bin/../lib/gcc/arm-none-eabi/13.2.0/../../../../arm-none-eabi/lib/libg.a(libc_a-refill.o)
                0x020141c0                __srefill_r
 .text.__submore
                0x0201435c       0xa8 /opt/devkitpro/devkitARM/bin/../lib/gcc/arm-none-eabi/13.2.0/../../../../arm-none-eabi/lib/libg.a(libc_a-ungetc.o)
                0x0201435c                __submore
 .text.__sread  0x02014404       0x4c /opt/devkitpro/devkitARM/bin/../lib/gcc/arm-none-eabi/13.2.0/../../../../arm-none-eabi/lib/libg.a(libc_a-stdio.o)
                0x02014404                __sread
 .text.__seofread
                0x02014450        0x8 /opt/devkitpro/devkitARM/bin/../lib/gcc/arm-none-eabi/13.2.0/../../../../arm-none-eabi/lib/libg.a(libc_a-stdio.o)
                0x02014450                __seofread
 .text.__swrite
                0x02014458       0x6c /opt/devkitpro/devkitARM/bin/../lib/gcc/arm-none-eabi/13.2.0/../../../../arm-none-eabi/lib/libg.a(libc_a-stdio.o)
                0x02014458                __swrite
 .text.__sseek  0x020144c4       0x48 /opt/devkitpro/devkitARM/bin/../lib/gcc/arm-none-eabi/13.2.0/../../../../arm-none-eabi/lib/libg.a(libc_a-stdio.o)
                0x020144c4                __sseek
 .text.__sclose
                0x0201450c       0x14 /opt/devkitpro/devkitARM/bin/../lib/gcc/arm-none-eabi/13.2.0/../../../../arm-none-eabi/lib/libg.a(libc_a-stdio.o)
                0x0201450c                __sclose
 .text.category
                0x02014520       0x98 /opt/devkitpro/devkitARM/bin/../lib/gcc/arm-none-eabi/13.2.0/../../../../arm-none-eabi/lib/libg.a(libc_a-categories.o)
                0x02014520                category
 .text.get_arg  0x020145b8      0x654 /opt/devkitpro/devkitARM/bin/../lib/gcc/arm-none-eabi/13.2.0/../../../../arm-none-eabi/lib/libg.a(libc_a-vfiprintf.o)
 .text.__sprint_r
                0x02014c0c       0x34 /opt/devkitpro/devkitARM/bin/../lib/gcc/arm-none-eabi/13.2.0/../../../../arm-none-eabi/lib/libg.a(libc_a-vfiprintf.o)
                0x02014c0c                __sprint_r
 .text._vfiprintf_r
                0x02014c40     0x2334 /opt/devkitpro/devkitARM/bin/../lib/gcc/arm-none-eabi/13.2.0/../../../../arm-none-eabi/lib/libg.a(libc_a-vfiprintf.o)
                0x02014c40                _vfiprintf_r
 .text.__sbprintf
                0x02016f74       0xbc /opt/devkitpro/devkitARM/bin/../lib/gcc/arm-none-eabi/13.2.0/../../../../arm-none-eabi/lib/libg.a(libc_a-vfiprintf.o)
 .text.__swsetup_r
                0x02017030      0x144 /opt/devkitpro/devkitARM/bin/../lib/gcc/arm-none-eabi/13.2.0/../../../../arm-none-eabi/lib/libg.a(libc_a-wsetup.o)
                0x02017030                __swsetup_r
 .text.quorem   0x02017174      0x1d8 /opt/devkitpro/devkitARM/bin/../lib/gcc/arm-none-eabi/13.2.0/../../../../arm-none-eabi/lib/libg.a(libc_a-dtoa.o)
 *fill*         0x0201734c        0x4 ff
 .text._dtoa_r  0x02017350     0x16cc /opt/devkitpro/devkitARM/bin/../lib/gcc/arm-none-eabi/13.2.0/../../../../arm-none-eabi/lib/libg.a(libc_a-dtoa.o)
                0x02017350                _dtoa_r
 .text.strchr   0x02018a1c      0x13c /opt/devkitpro/devkitARM/bin/../lib/gcc/arm-none-eabi/13.2.0/../../../../arm-none-eabi/lib/libg.a(libc_a-strchr.o)
                0x02018a1c                strchr
 .text.memmove  0x02018b58      0x154 /opt/devkitpro/devkitARM/bin/../lib/gcc/arm-none-eabi/13.2.0/../../../../arm-none-eabi/lib/libg.a(libc_a-memmove.o)
                0x02018b58                memmove
 .text._fseeko_r
                0x02018cac      0x5a4 /opt/devkitpro/devkitARM/bin/../lib/gcc/arm-none-eabi/13.2.0/../../../../arm-none-eabi/lib/libg.a(libc_a-fseeko.o)
                0x02018cac                _fseeko_r
 .text._ftello_r
                0x02019250      0x1c0 /opt/devkitpro/devkitARM/bin/../lib/gcc/arm-none-eabi/13.2.0/../../../../arm-none-eabi/lib/libg.a(libc_a-ftello.o)
                0x02019250                _ftello_r
 .text.__sflags
                0x02019410       0xbc /opt/devkitpro/devkitARM/bin/../lib/gcc/arm-none-eabi/13.2.0/../../../../arm-none-eabi/lib/libg.a(libc_a-flags.o)
                0x02019410                __sflags
 .text._Balloc  0x020194cc       0x8c /opt/devkitpro/devkitARM/bin/../lib/gcc/arm-none-eabi/13.2.0/../../../../arm-none-eabi/lib/libg.a(libc_a-mprec.o)
                0x020194cc                _Balloc
 .text._Bfree   0x02019558       0x1c /opt/devkitpro/devkitARM/bin/../lib/gcc/arm-none-eabi/13.2.0/../../../../arm-none-eabi/lib/libg.a(libc_a-mprec.o)
                0x02019558                _Bfree
 .text.__multadd
                0x02019574      0x100 /opt/devkitpro/devkitARM/bin/../lib/gcc/arm-none-eabi/13.2.0/../../../../arm-none-eabi/lib/libg.a(libc_a-mprec.o)
                0x02019574                __multadd
 .text.__hi0bits
                0x02019674       0x60 /opt/devkitpro/devkitARM/bin/../lib/gcc/arm-none-eabi/13.2.0/../../../../arm-none-eabi/lib/libg.a(libc_a-mprec.o)
                0x02019674                __hi0bits
 .text.__lo0bits
                0x020196d4       0xa0 /opt/devkitpro/devkitARM/bin/../lib/gcc/arm-none-eabi/13.2.0/../../../../arm-none-eabi/lib/libg.a(libc_a-mprec.o)
                0x020196d4                __lo0bits
 .text.__i2b    0x02019774       0xac /opt/devkitpro/devkitARM/bin/../lib/gcc/arm-none-eabi/13.2.0/../../../../arm-none-eabi/lib/libg.a(libc_a-mprec.o)
                0x02019774                __i2b
 .text.__multiply
                0x02019820      0x218 /opt/devkitpro/devkitARM/bin/../lib/gcc/arm-none-eabi/13.2.0/../../../../arm-none-eabi/lib/libg.a(libc_a-mprec.o)
                0x02019820                __multiply
 .text.__pow5mult
                0x02019a38      0x12c /opt/devkitpro/devkitARM/bin/../lib/gcc/arm-none-eabi/13.2.0/../../../../arm-none-eabi/lib/libg.a(libc_a-mprec.o)
                0x02019a38                __pow5mult
 .text.__lshift
                0x02019b64      0x144 /opt/devkitpro/devkitARM/bin/../lib/gcc/arm-none-eabi/13.2.0/../../../../arm-none-eabi/lib/libg.a(libc_a-mprec.o)
                0x02019b64                __lshift
 .text.__mcmp   0x02019ca8       0x54 /opt/devkitpro/devkitARM/bin/../lib/gcc/arm-none-eabi/13.2.0/../../../../arm-none-eabi/lib/libg.a(libc_a-mprec.o)
                0x02019ca8                __mcmp
 .text.__mdiff  0x02019cfc      0x214 /opt/devkitpro/devkitARM/bin/../lib/gcc/arm-none-eabi/13.2.0/../../../../arm-none-eabi/lib/libg.a(libc_a-mprec.o)
                0x02019cfc                __mdiff
 .text.__d2b    0x02019f10      0x128 /opt/devkitpro/devkitARM/bin/../lib/gcc/arm-none-eabi/13.2.0/../../../../arm-none-eabi/lib/libg.a(libc_a-mprec.o)
                0x02019f10                __d2b
 .text.__sfvwrite_r
                0x0201a038      0x4c8 /opt/devkitpro/devkitARM/bin/../lib/gcc/arm-none-eabi/13.2.0/../../../../arm-none-eabi/lib/libg.a(libc_a-fvwrite.o)
                0x0201a038                __sfvwrite_r
 .text.strncmp  0x0201a500       0xec /opt/devkitpro/devkitARM/bin/../lib/gcc/arm-none-eabi/13.2.0/../../../../arm-none-eabi/lib/libg.a(libc_a-strncmp.o)
                0x0201a500                strncmp
 .text._realloc_r
                0x0201a5ec      0x4b8 /opt/devkitpro/devkitARM/bin/../lib/gcc/arm-none-eabi/13.2.0/../../../../arm-none-eabi/lib/libg.a(libc_a-reallocr.o)
                0x0201a5ec                _realloc_r
 .text.__utf8_mbtowc
                0x0201aaa4      0x308 /opt/devkitpro/devkitARM/bin/../lib/gcc/arm-none-eabi/13.2.0/../../../../arm-none-eabi/lib/libg.a(libc_a-mbtowc_r.o)
                0x0201aaa4                __utf8_mbtowc
 .text._wcsnrtombs_l
                0x0201adac      0x198 /opt/devkitpro/devkitARM/bin/../lib/gcc/arm-none-eabi/13.2.0/../../../../arm-none-eabi/lib/libg.a(libc_a-wcsnrtombs.o)
                0x0201adac                _wcsnrtombs_l
 .text._wcsnrtombs_r
                0x0201af44       0x68 /opt/devkitpro/devkitARM/bin/../lib/gcc/arm-none-eabi/13.2.0/../../../../arm-none-eabi/lib/libg.a(libc_a-wcsnrtombs.o)
                0x0201af44                _wcsnrtombs_r
 .text.__assert_func
                0x0201afac       0x5c /opt/devkitpro/devkitARM/bin/../lib/gcc/arm-none-eabi/13.2.0/../../../../arm-none-eabi/lib/libg.a(libc_a-assert.o)
                0x0201afac                __assert_func
 .text.fiprintf
                0x0201b008       0x3c /opt/devkitpro/devkitARM/bin/../lib/gcc/arm-none-eabi/13.2.0/../../../../arm-none-eabi/lib/libg.a(libc_a-fiprintf.o)
                0x0201b008                fiprintf
 .text.abort    0x0201b044       0x14 /opt/devkitpro/devkitARM/bin/../lib/gcc/arm-none-eabi/13.2.0/../../../../arm-none-eabi/lib/libg.a(libc_a-abort.o)
                0x0201b044                abort
 .text._raise_r
                0x0201b058       0x94 /opt/devkitpro/devkitARM/bin/../lib/gcc/arm-none-eabi/13.2.0/../../../../arm-none-eabi/lib/libg.a(libc_a-signal.o)
                0x0201b058                _raise_r
 .text.raise    0x0201b0ec       0x18 /opt/devkitpro/devkitARM/bin/../lib/gcc/arm-none-eabi/13.2.0/../../../../arm-none-eabi/lib/libg.a(libc_a-signal.o)
                0x0201b0ec                raise
 .text._exit    0x0201b104       0x20 /opt/devkitpro/devkitARM/bin/../lib/gcc/arm-none-eabi/13.2.0/../../../../arm-none-eabi/lib/libsysbase.a(libsysbase_libsysbase_a-_exit.o)
                0x0201b104                _exit
 .text.build_argv
                0x0201b124       0x90 /opt/devkitpro/devkitARM/bin/../lib/gcc/arm-none-eabi/13.2.0/../../../../arm-none-eabi/lib/libsysbase.a(libsysbase_libsysbase_a-build_argv.o)
                0x0201b124                build_argv
 .text._fstat_r
                0x0201b1b4       0x7c /opt/devkitpro/devkitARM/bin/../lib/gcc/arm-none-eabi/13.2.0/../../../../arm-none-eabi/lib/libsysbase.a(libsysbase_libsysbase_a-fstat.o)
                0x0201b1b4                _fstat_r
 .text._getpid_r
                0x0201b230       0x14 /opt/devkitpro/devkitARM/bin/../lib/gcc/arm-none-eabi/13.2.0/../../../../arm-none-eabi/lib/libsysbase.a(libsysbase_libsysbase_a-getpid.o)
                0x0201b230                _getpid_r
 .text.__getreent
                0x0201b244       0x30 /opt/devkitpro/devkitARM/bin/../lib/gcc/arm-none-eabi/13.2.0/../../../../arm-none-eabi/lib/libsysbase.a(libsysbase_libsysbase_a-getreent.o)
                0x0201b244                __getreent
 .text.__release_handle
                0x0201b274       0x90 /opt/devkitpro/devkitARM/bin/../lib/gcc/arm-none-eabi/13.2.0/../../../../arm-none-eabi/lib/libsysbase.a(libsysbase_libsysbase_a-handle_manager.o)
                0x0201b274                __release_handle
 .text.__alloc_handle
                0x0201b304       0xb4 /opt/devkitpro/devkitARM/bin/../lib/gcc/arm-none-eabi/13.2.0/../../../../arm-none-eabi/lib/libsysbase.a(libsysbase_libsysbase_a-handle_manager.o)
                0x0201b304                __alloc_handle
 .text.__get_handle
                0x0201b3b8       0x40 /opt/devkitpro/devkitARM/bin/../lib/gcc/arm-none-eabi/13.2.0/../../../../arm-none-eabi/lib/libsysbase.a(libsysbase_libsysbase_a-handle_manager.o)
                0x0201b3b8                __get_handle
 .text._close_r
                0x0201b3f8       0xfc /opt/devkitpro/devkitARM/bin/../lib/gcc/arm-none-eabi/13.2.0/../../../../arm-none-eabi/lib/libsysbase.a(libsysbase_libsysbase_a-handle_manager.o)
                0x0201b3f8                _close_r
 .text.null_write
                0x0201b4f4        0x8 /opt/devkitpro/devkitARM/bin/../lib/gcc/arm-none-eabi/13.2.0/../../../../arm-none-eabi/lib/libsysbase.a(libsysbase_libsysbase_a-iosupport.o)
 .text.FindDevice
                0x0201b4fc       0xd4 /opt/devkitpro/devkitARM/bin/../lib/gcc/arm-none-eabi/13.2.0/../../../../arm-none-eabi/lib/libsysbase.a(libsysbase_libsysbase_a-iosupport.o)
                0x0201b4fc                FindDevice
 .text._isatty_r
                0x0201b5d0        0x8 /opt/devkitpro/devkitARM/bin/../lib/gcc/arm-none-eabi/13.2.0/../../../../arm-none-eabi/lib/libsysbase.a(libsysbase_libsysbase_a-isatty.o)
                0x0201b5d0                _isatty_r
 .text._kill_r  0x0201b5d8       0x14 /opt/devkitpro/devkitARM/bin/../lib/gcc/arm-none-eabi/13.2.0/../../../../arm-none-eabi/lib/libsysbase.a(libsysbase_libsysbase_a-kill.o)
                0x0201b5d8                _kill_r
 .text._lseek_r
                0x0201b5ec       0x88 /opt/devkitpro/devkitARM/bin/../lib/gcc/arm-none-eabi/13.2.0/../../../../arm-none-eabi/lib/libsysbase.a(libsysbase_libsysbase_a-lseek.o)
                0x0201b5ec                _lseek_r
 .text._open_r  0x0201b674       0xc4 /opt/devkitpro/devkitARM/bin/../lib/gcc/arm-none-eabi/13.2.0/../../../../arm-none-eabi/lib/libsysbase.a(libsysbase_libsysbase_a-open.o)
                0x0201b674                _open_r
 .text._read_r  0x0201b738       0x84 /opt/devkitpro/devkitARM/bin/../lib/gcc/arm-none-eabi/13.2.0/../../../../arm-none-eabi/lib/libsysbase.a(libsysbase_libsysbase_a-read.o)
                0x0201b738                _read_r
 .text._sbrk_r  0x0201b7bc       0x7c /opt/devkitpro/devkitARM/bin/../lib/gcc/arm-none-eabi/13.2.0/../../../../arm-none-eabi/lib/libsysbase.a(libsysbase_libsysbase_a-sbrk.o)
                0x0201b7bc                _sbrk_r
 .text.__libc_lock_acquire
                0x0201b838       0x20 /opt/devkitpro/devkitARM/bin/../lib/gcc/arm-none-eabi/13.2.0/../../../../arm-none-eabi/lib/libsysbase.a(libsysbase_libsysbase_a-syscall_support.o)
                0x0201b838                __libc_lock_acquire
 .text.__libc_lock_release
                0x0201b858       0x20 /opt/devkitpro/devkitARM/bin/../lib/gcc/arm-none-eabi/13.2.0/../../../../arm-none-eabi/lib/libsysbase.a(libsysbase_libsysbase_a-syscall_support.o)
                0x0201b858                __libc_lock_release
 .text.__libc_lock_acquire_recursive
                0x0201b878       0x20 /opt/devkitpro/devkitARM/bin/../lib/gcc/arm-none-eabi/13.2.0/../../../../arm-none-eabi/lib/libsysbase.a(libsysbase_libsysbase_a-syscall_support.o)
                0x0201b878                __libc_lock_acquire_recursive
 .text.__libc_lock_release_recursive
                0x0201b898       0x20 /opt/devkitpro/devkitARM/bin/../lib/gcc/arm-none-eabi/13.2.0/../../../../arm-none-eabi/lib/libsysbase.a(libsysbase_libsysbase_a-syscall_support.o)
                0x0201b898                __libc_lock_release_recursive
 .text._write_r
                0x0201b8b8       0x84 /opt/devkitpro/devkitARM/bin/../lib/gcc/arm-none-eabi/13.2.0/../../../../arm-none-eabi/lib/libsysbase.a(libsysbase_libsysbase_a-write.o)
                0x0201b8b8                _write_r
 .text.__udivmoddi4
                0x0201b93c      0x128 /opt/devkitpro/devkitARM/bin/../lib/gcc/arm-none-eabi/13.2.0/libgcc.a(_udivmoddi4.o)
                0x0201b93c                __udivmoddi4
 *fill*         0x0201ba64        0x4 ff
 .text.__udivmoddi4.__stub
                0x0201ba68      0x200 linker stubs
 *(EXCLUDE_FILE(*.twl*) .gnu.warning)
 *(EXCLUDE_FILE(*.twl*) .gnu.linkonce.t*)
 *(.glue_7)
 .glue_7        0x0201bcc8        0x0 linker stubs
 *(.glue_7t)
 .glue_7t       0x0201bcc8        0x0 linker stubs
                0x0201bcc8                        . = ALIGN (0x4)

.vfp11_veneer   0x0201bcc8        0x0
 .vfp11_veneer  0x0201bcc8        0x0 linker stubs

.v4_bx          0x0201bcc8        0x0
 .v4_bx         0x0201bcc8        0x0 linker stubs

.iplt           0x0201bcc8        0x0
 .iplt          0x0201bcc8        0x0 /opt/devkitpro/devkitARM/bin/../lib/gcc/arm-none-eabi/13.2.0/../../../../arm-none-eabi/lib/ds_arm9_crt0.o

.fini           0x0201bcc8       0x18
 *(.fini)
 .fini          0x0201bcc8        0xc /opt/devkitpro/devkitARM/bin/../lib/gcc/arm-none-eabi/13.2.0/crti.o
                0x0201bcc8                _fini
 .fini          0x0201bcd4        0xc /opt/devkitpro/devkitARM/bin/../lib/gcc/arm-none-eabi/13.2.0/crtn.o
                0x0201bce0                        __text_end = .

.rodata         0x0201bce0     0x8098
 *(EXCLUDE_FILE(*.twl*) .rodata)
 .rodata        0x0201bce0       0x24 /opt/devkitpro/nitro-engine/lib/libNE.a(NETexture.o)
 *all.rodata*(*)
 *(EXCLUDE_FILE(*.twl*) .roda)
 *(EXCLUDE_FILE(*.twl*) .rodata.*)
 .rodata.object_bin
                0x0201bd04     0x1858 object.bin.o
                0x0201bd04                object_bin
                0x0201d55c                object_bin_end
 .rodata.texture_tex_bin
                0x0201d55c      0x800 texture_tex.bin.o
                0x0201d55c                texture_tex_bin
                0x0201dd5c                texture_tex_bin_end
 .rodata.str1.4
                0x0201dd5c      0x1ac main.o
                                 0x2b (size before relaxing)
 .rodata.str1.4
                0x0201df08        0x7 /opt/devkitpro/nitro-engine/lib/libNE.a(NEFAT.o)
 .rodata.SIN_LUT
                0x0201df08      0x102 /opt/devkitpro/libnds/lib/libnds9.a(trig.o)
                0x0201df08                SIN_LUT
 *fill*         0x0201e00a        0x2 ff
 .rodata.TAN_LUT
                0x0201e00c      0x204 /opt/devkitpro/libnds/lib/libnds9.a(trig.o)
                0x0201e00c                TAN_LUT
 .rodata.con_write.str1.4
                0x0201e210       0x30 /opt/devkitpro/libnds/lib/libnds9.a(console.o)
 .rodata.con_write
                0x0201e210       0xd4 /opt/devkitpro/libnds/lib/libnds9.a(console.o)
 .rodata.str1.4
                0x0201e2e4       0x14 /opt/devkitpro/libnds/lib/libnds9.a(console.o)
 .rodata.dotab_stdout
                0x0201e2e4       0x70 /opt/devkitpro/libnds/lib/libnds9.a(console.o)
 .rodata.default_font_bin
                0x0201e354     0x2000 /opt/devkitpro/libnds/lib/libnds9.a(default_font.bin.o)
                0x0201e354                default_font_bin
                0x02020354                default_font_bin_end
 .rodata.basefix.0
                0x02020354       0x22 /opt/devkitpro/devkitARM/bin/../lib/gcc/arm-none-eabi/13.2.0/../../../../arm-none-eabi/lib/libg.a(libc_a-svfiscanf.o)
 .rodata._vfprintf_r.str1.1
                0x02020376       0x3b /opt/devkitpro/devkitARM/bin/../lib/gcc/arm-none-eabi/13.2.0/../../../../arm-none-eabi/lib/libg.a(libc_a-vfprintf.o)
 *fill*         0x020203b1        0x3 ff
 .rodata.zeroes.0
                0x020203b4       0x10 /opt/devkitpro/devkitARM/bin/../lib/gcc/arm-none-eabi/13.2.0/../../../../arm-none-eabi/lib/libg.a(libc_a-vfprintf.o)
 .rodata.blanks.1
                0x020203c4       0x10 /opt/devkitpro/devkitARM/bin/../lib/gcc/arm-none-eabi/13.2.0/../../../../arm-none-eabi/lib/libg.a(libc_a-vfprintf.o)
 .rodata.str1.4
                0x020203d4       0x4c /opt/devkitpro/devkitARM/bin/../lib/gcc/arm-none-eabi/13.2.0/../../../../arm-none-eabi/lib/libg.a(libc_a-locale.o)
 .rodata._mbrtowc_r.str1.4
                0x020203d4        0x1 /opt/devkitpro/devkitARM/bin/../lib/gcc/arm-none-eabi/13.2.0/../../../../arm-none-eabi/lib/libg.a(libc_a-mbrtowc.o)
 .rodata._ctype_
                0x020203d4      0x101 /opt/devkitpro/devkitARM/bin/../lib/gcc/arm-none-eabi/13.2.0/../../../../arm-none-eabi/lib/libg.a(libc_a-ctype_.o)
                0x020203d4                _ctype_
 *fill*         0x020204d5        0x3 ff
 .rodata.categories
                0x020204d8     0x3528 /opt/devkitpro/devkitARM/bin/../lib/gcc/arm-none-eabi/13.2.0/../../../../arm-none-eabi/lib/libg.a(libc_a-categories.o)
 .rodata._vfiprintf_r.str1.1
                0x02023a00       0x29 /opt/devkitpro/devkitARM/bin/../lib/gcc/arm-none-eabi/13.2.0/../../../../arm-none-eabi/lib/libg.a(libc_a-vfiprintf.o)
 .rodata.zeroes.0
                0x02023a00       0x10 /opt/devkitpro/devkitARM/bin/../lib/gcc/arm-none-eabi/13.2.0/../../../../arm-none-eabi/lib/libg.a(libc_a-vfiprintf.o)
 .rodata.blanks.1
                0x02023a10       0x10 /opt/devkitpro/devkitARM/bin/../lib/gcc/arm-none-eabi/13.2.0/../../../../arm-none-eabi/lib/libg.a(libc_a-vfiprintf.o)
 .rodata.__action_table
                0x02023a20       0x6c /opt/devkitpro/devkitARM/bin/../lib/gcc/arm-none-eabi/13.2.0/../../../../arm-none-eabi/lib/libg.a(libc_a-svfiprintf.o)
                0x02023a20                __action_table
 .rodata.__state_table
                0x02023a8c       0x6c /opt/devkitpro/devkitARM/bin/../lib/gcc/arm-none-eabi/13.2.0/../../../../arm-none-eabi/lib/libg.a(libc_a-svfiprintf.o)
                0x02023a8c                __state_table
 .rodata.__chclass
                0x02023af8      0x100 /opt/devkitpro/devkitARM/bin/../lib/gcc/arm-none-eabi/13.2.0/../../../../arm-none-eabi/lib/libg.a(libc_a-svfiprintf.o)
                0x02023af8                __chclass
 .rodata._dtoa_r.str1.4
                0x02023bf8       0x64 /opt/devkitpro/devkitARM/bin/../lib/gcc/arm-none-eabi/13.2.0/../../../../arm-none-eabi/lib/libg.a(libc_a-dtoa.o)
 .rodata.__multadd.str1.4
                0x02023bf8       0x51 /opt/devkitpro/devkitARM/bin/../lib/gcc/arm-none-eabi/13.2.0/../../../../arm-none-eabi/lib/libg.a(libc_a-mprec.o)
 .rodata.p05.0  0x02023bf8        0xc /opt/devkitpro/devkitARM/bin/../lib/gcc/arm-none-eabi/13.2.0/../../../../arm-none-eabi/lib/libg.a(libc_a-mprec.o)
 *fill*         0x02023c04        0x4 ff
 .rodata.__mprec_bigtens
                0x02023c08       0x28 /opt/devkitpro/devkitARM/bin/../lib/gcc/arm-none-eabi/13.2.0/../../../../arm-none-eabi/lib/libg.a(libc_a-mprec.o)
                0x02023c08                __mprec_bigtens
 .rodata.__mprec_tens
                0x02023c30       0xc8 /opt/devkitpro/devkitARM/bin/../lib/gcc/arm-none-eabi/13.2.0/../../../../arm-none-eabi/lib/libg.a(libc_a-mprec.o)
                0x02023c30                __mprec_tens
 .rodata.__assert_func.str1.4
                0x02023cf8       0x43 /opt/devkitpro/devkitARM/bin/../lib/gcc/arm-none-eabi/13.2.0/../../../../arm-none-eabi/lib/libg.a(libc_a-assert.o)
 .rodata.AddDevice.str1.4
                0x02023cf8        0x8 /opt/devkitpro/devkitARM/bin/../lib/gcc/arm-none-eabi/13.2.0/../../../../arm-none-eabi/lib/libsysbase.a(libsysbase_libsysbase_a-iosupport.o)
 .rodata.dotab_stdnull
                0x02023cf8       0x80 /opt/devkitpro/devkitARM/bin/../lib/gcc/arm-none-eabi/13.2.0/../../../../arm-none-eabi/lib/libsysbase.a(libsysbase_libsysbase_a-iosupport.o)
                0x02023cf8                dotab_stdnull
 *(EXCLUDE_FILE(*.twl*) .gnu.linkonce.r*)
                0x02023d78                        . = ALIGN (0x4)

.ARM.extab
 *(.ARM.extab* .gnu.linkonce.armextab.*)
                0x02023d78                        __exidx_start = .

ARM.exidx
 *(.ARM.exidx* .gnu.linkonce.armexidx.*)
                0x02023d78                        __exidx_end = .
                0x02023d78                        . = ALIGN (0x4)
                0x02023d78                        PROVIDE (__preinit_array_start = .)

.preinit_array
 *(.preinit_array)
                0x02023d78                        PROVIDE (__preinit_array_end = .)
                0x02023d78                        PROVIDE (__init_array_start = .)

.init_array     0x02023d78        0x4
 *(SORT_BY_NAME(.init_array.*))
 *(.init_array)
 .init_array    0x02023d78        0x4 /opt/devkitpro/devkitARM/bin/../lib/gcc/arm-none-eabi/13.2.0/crtbegin.o
                0x02023d7c                        PROVIDE (__init_array_end = .)
                [!provide]                        PROVIDE (__fini_array_start = .)

.fini_array     0x02023d7c        0x4
 *(.fini_array)
 .fini_array    0x02023d7c        0x4 /opt/devkitpro/devkitARM/bin/../lib/gcc/arm-none-eabi/13.2.0/crtbegin.o
 *(SORT_BY_NAME(.fini_array.*))
                [!provide]                        PROVIDE (__fini_array_end = .)

.ctors          0x02023d80        0x0
 *crtbegin.o(.ctors)
 *(EXCLUDE_FILE(*crtend.o) .ctors)
 *(SORT_BY_NAME(.ctors.*))
 *(.ctors)
                0x02023d80                        . = ALIGN (0x4)

.dtors          0x02023d80        0x0
 *crtbegin.o(.dtors)
 *(EXCLUDE_FILE(*crtend.o) .dtors)
 *(SORT_BY_NAME(.dtors.*))
 *(.dtors)
                0x02023d80                        . = ALIGN (0x4)

.eh_frame       0x02023d80        0x4
 *(.eh_frame)
 .eh_frame      0x02023d80        0x0 /opt/devkitpro/devkitARM/bin/../lib/gcc/arm-none-eabi/13.2.0/crtbegin.o
 .eh_frame      0x02023d80        0x4 /opt/devkitpro/devkitARM/bin/../lib/gcc/arm-none-eabi/13.2.0/crtend.o
                0x02023d84                        . = ALIGN (0x4)

.rel.dyn        0x02023d84        0x0
 .rel.iplt      0x02023d84        0x0 /opt/devkitpro/devkitARM/bin/../lib/gcc/arm-none-eabi/13.2.0/../../../../arm-none-eabi/lib/ds_arm9_crt0.o

.gcc_except_table
                0x02023d84        0x0
 *(.gcc_except_table)
                0x02023d84                        . = ALIGN (0x4)

.jcr
 *(.jcr)

.got
 *(.got.plt)
 *(.got)
 *(.rel.got)

.ewram          0x02023d84        0x0
                0x02023d84                        __ewram_start = ABSOLUTE (.)
 *(.ewram)
 *ewram.*(.text)
                0x02023d84                        . = ALIGN (0x4)

.data           0x02023d84     0x1878
                0x02023d84                        __data_start = ABSOLUTE (.)
 *(EXCLUDE_FILE(*.twl*) .data)
 .data          0x02023d84       0x10 /opt/devkitpro/nitro-engine/lib/libNE.a(NEGeneral.o)
 .data          0x02023d94        0x4 /opt/devkitpro/nitro-engine/lib/libNE.a(NEDisplayList.o)
 .data          0x02023d98       0x28 /opt/devkitpro/libnds/lib/libnds9.a(mpu_setup.o)
 *(EXCLUDE_FILE(*.twl*) .data.*)
 .data.currentConsole
                0x02023dc0        0x4 /opt/devkitpro/libnds/lib/libnds9.a(console.o)
                0x02023dc0                currentConsole
 .data.defaultConsole
                0x02023dc4       0x5c /opt/devkitpro/libnds/lib/libnds9.a(console.o)
                0x02023dc4                defaultConsole
 .data.firstConsoleInit.0
                0x02023e20        0x1 /opt/devkitpro/libnds/lib/libnds9.a(console.o)
 .data.count    0x02023e21        0x1 /opt/devkitpro/libnds/lib/libnds9.a(keys.o)
 .data.delay    0x02023e22        0x1 /opt/devkitpro/libnds/lib/libnds9.a(keys.o)
 .data.repeat   0x02023e23        0x1 /opt/devkitpro/libnds/lib/libnds9.a(keys.o)
 .data.fifo_buffer_free
                0x02023e24        0x4 /opt/devkitpro/libnds/lib/libnds9.a(fifosystem.o)
                0x02023e24                fifo_buffer_free
 .data.fifo_freewords
                0x02023e28        0x4 /opt/devkitpro/libnds/lib/libnds9.a(fifosystem.o)
                0x02023e28                fifo_freewords
 .data.fifo_receive_queue
                0x02023e2c        0x4 /opt/devkitpro/libnds/lib/libnds9.a(fifosystem.o)
                0x02023e2c                fifo_receive_queue
 .data.fifo_send_queue
                0x02023e30        0x4 /opt/devkitpro/libnds/lib/libnds9.a(fifosystem.o)
                0x02023e30                fifo_send_queue
 .data.bgControl
                0x02023e34       0x20 /opt/devkitpro/libnds/lib/libnds9.a(background.o)
                0x02023e34                bgControl
 .data.bgScrollTable
                0x02023e54       0x20 /opt/devkitpro/libnds/lib/libnds9.a(background.o)
                0x02023e54                bgScrollTable
 .data.bgTransform
                0x02023e74       0x20 /opt/devkitpro/libnds/lib/libnds9.a(background.o)
                0x02023e74                bgTransform
 .data.__malloc_sbrk_base
                0x02023e94        0x4 /opt/devkitpro/devkitARM/bin/../lib/gcc/arm-none-eabi/13.2.0/../../../../arm-none-eabi/lib/libg.a(libc_a-mallocr.o)
                0x02023e94                __malloc_sbrk_base
 .data.__malloc_trim_threshold
                0x02023e98        0x4 /opt/devkitpro/devkitARM/bin/../lib/gcc/arm-none-eabi/13.2.0/../../../../arm-none-eabi/lib/libg.a(libc_a-mallocr.o)
                0x02023e98                __malloc_trim_threshold
 *fill*         0x02023e9c        0x4 ff
 .data.__malloc_av_
                0x02023ea0      0x408 /opt/devkitpro/devkitARM/bin/../lib/gcc/arm-none-eabi/13.2.0/../../../../arm-none-eabi/lib/libg.a(libc_a-mallocr.o)
                0x02023ea0                __malloc_av_
 .data.__sglue  0x020242a8        0xc /opt/devkitpro/devkitARM/bin/../lib/gcc/arm-none-eabi/13.2.0/../../../../arm-none-eabi/lib/libg.a(libc_a-findfp.o)
                0x020242a8                __sglue
 .data.__global_locale
                0x020242b4      0x16c /opt/devkitpro/devkitARM/bin/../lib/gcc/arm-none-eabi/13.2.0/../../../../arm-none-eabi/lib/libg.a(libc_a-locale.o)
                0x020242b4                __global_locale
 .data._impure_ptr
                0x02024420        0x4 /opt/devkitpro/devkitARM/bin/../lib/gcc/arm-none-eabi/13.2.0/../../../../arm-none-eabi/lib/libg.a(libc_a-impure.o)
                0x02024420                _impure_ptr
 *fill*         0x02024424        0x4 ff
 .data._impure_data
                0x02024428      0x120 /opt/devkitpro/devkitARM/bin/../lib/gcc/arm-none-eabi/13.2.0/../../../../arm-none-eabi/lib/libg.a(libc_a-impure.o)
                0x02024428                _impure_data
 .data.handles  0x02024548     0x1000 /opt/devkitpro/devkitARM/bin/../lib/gcc/arm-none-eabi/13.2.0/../../../../arm-none-eabi/lib/libsysbase.a(libsysbase_libsysbase_a-handle_manager.o)
 .data.__stderr_handle
                0x02025548        0xc /opt/devkitpro/devkitARM/bin/../lib/gcc/arm-none-eabi/13.2.0/../../../../arm-none-eabi/lib/libsysbase.a(libsysbase_libsysbase_a-handle_manager.o)
 .data.__stdout_handle
                0x02025554        0xc /opt/devkitpro/devkitARM/bin/../lib/gcc/arm-none-eabi/13.2.0/../../../../arm-none-eabi/lib/libsysbase.a(libsysbase_libsysbase_a-handle_manager.o)
 .data.__stdin_handle
                0x02025560        0xc /opt/devkitpro/devkitARM/bin/../lib/gcc/arm-none-eabi/13.2.0/../../../../arm-none-eabi/lib/libsysbase.a(libsysbase_libsysbase_a-handle_manager.o)
 .data.devoptab_list
                0x0202556c       0x8c /opt/devkitpro/devkitARM/bin/../lib/gcc/arm-none-eabi/13.2.0/../../../../arm-none-eabi/lib/libsysbase.a(libsysbase_libsysbase_a-iosupport.o)
                0x0202556c                devoptab_list
 .data.defaultDevice
                0x020255f8        0x4 /opt/devkitpro/devkitARM/bin/../lib/gcc/arm-none-eabi/13.2.0/../../../../arm-none-eabi/lib/libsysbase.a(libsysbase_libsysbase_a-iosupport.o)
 *(EXCLUDE_FILE(*.twl*) .gnu.linkonce.d*)
                0x020255fc                        . = ALIGN (0x4)
                0x020255fc                        __data_end = ABSOLUTE (.)
                0x020255fc                        __bss_vma = .

.igot.plt       0x020255fc        0x0
 .igot.plt      0x020255fc        0x0 /opt/devkitpro/devkitARM/bin/../lib/gcc/arm-none-eabi/13.2.0/../../../../arm-none-eabi/lib/ds_arm9_crt0.o

.dtcm           0x02ff0000        0x0 load address 0x020255fc
                0x020255fc                        __dtcm_lma = LOADADDR (.dtcm)
                0x02ff0000                        __dtcm_start = ABSOLUTE (.)
 *(.dtcm)
 *(.dtcm.*)
                0x02ff0000                        . = ALIGN (0x4)
                0x02ff0000                        __dtcm_end = ABSOLUTE (.)

.itcm           0x01000100      0x968 load address 0x020255fc
                0x020255fc                        __itcm_lma = LOADADDR (.itcm)
                0x01000100                        __itcm_start = ABSOLUTE (.)
 *(.itcm)
 .itcm          0x01000100      0x7c4 /opt/devkitpro/nitro-engine/lib/libNE.a(dsma.o)
                0x01000100                DSMA_DrawModel
                0x0100044c                DSMA_DrawModelBlendAnimation
 .itcm          0x010008c4       0xc8 /opt/devkitpro/libnds/lib/libnds9.a(interrupts.o)
                0x010008c4                irqTable
 .itcm          0x0100098c       0xcc /opt/devkitpro/libnds/lib/libnds9.a(interruptDispatcher.o)
                0x0100098c                IntrMain
 .itcm.__stub   0x01000a58        0xc linker stubs
 *.itcm*(.text .stub .text.*)
                0x01000a64                        . = ALIGN (0x4)
                0x01000a68                        __itcm_end = ABSOLUTE (.)

.vectors        0x01000000        0x0 load address 0x02025f64
                0x02025f64                        __vectors_lma = LOADADDR (.vectors)
                0x01000000                        __vectors_start = ABSOLUTE (.)
 *(.vectors .vectors.*)
                0x01000000                        . = ALIGN (0x4)
                0x01000000                        __vectors_end = ABSOLUTE (.)

.sbss           0x02ff0000        0x0
                0x02ff0000                        __sbss_start = ABSOLUTE (.)
                0x02ff0000                        __sbss_start__ = ABSOLUTE (.)
 *(.sbss)
                0x02ff0000                        . = ALIGN (0x4)
                0x02ff0000                        __sbss_end = ABSOLUTE (.)

.bss            0x020255fc      0xf50
                0x020255fc                        __bss_start = ABSOLUTE (.)
                0x020255fc                        __bss_start__ = ABSOLUTE (.)
 *(EXCLUDE_FILE(*.twl*) .dynbss)
 *(EXCLUDE_FILE(*.twl*) .gnu.linkonce.b*)
 *(EXCLUDE_FILE(*.twl*) .bss*)
 .bss.completed.1
                0x020255fc        0x1 /opt/devkitpro/devkitARM/bin/../lib/gcc/arm-none-eabi/13.2.0/crtbegin.o
 *fill*         0x020255fd        0x3 
 .bss.object.0  0x02025600       0x18 /opt/devkitpro/devkitARM/bin/../lib/gcc/arm-none-eabi/13.2.0/crtbegin.o
 .bss           0x02025618       0x10 main.o
                0x02025618                Camera
                0x0202561c                Model
                0x02025620                Material
                0x02025624                angle
 .bss           0x02025628        0x9 /opt/devkitpro/nitro-engine/lib/libNE.a(NECamera.o)
 *fill*         0x02025631        0x3 
 .bss           0x02025634       0x68 /opt/devkitpro/nitro-engine/lib/libNE.a(NEGeneral.o)
                0x02025644                ne_input
                0x02025694                NE_TestTouch
 .bss           0x0202569c        0x9 /opt/devkitpro/nitro-engine/lib/libNE.a(NEGUI.o)
 *fill*         0x020256a5        0x3 
 .bss           0x020256a8        0xd /opt/devkitpro/nitro-engine/lib/libNE.a(NEModel.o)
 *fill*         0x020256b5        0x3 
 .bss           0x020256b8        0x9 /opt/devkitpro/nitro-engine/lib/libNE.a(NEPhysics.o)
 *fill*         0x020256c1        0x3 
 .bss           0x020256c4        0x4 /opt/devkitpro/nitro-engine/lib/libNE.a(NEPolygon.o)
 .bss           0x020256c8       0x64 /opt/devkitpro/nitro-engine/lib/libNE.a(NEText.o)
 .bss           0x0202572c       0x30 /opt/devkitpro/nitro-engine/lib/libNE.a(NETexture.o)
 .bss           0x0202575c        0x9 /opt/devkitpro/nitro-engine/lib/libNE.a(NE2D.o)
 *fill*         0x02025765        0x3 
 .bss           0x02025768        0x9 /opt/devkitpro/nitro-engine/lib/libNE.a(NEAnimation.o)
 *fill*         0x02025771        0x3 
 .bss           0x02025774       0x18 /opt/devkitpro/nitro-engine/lib/libNE.a(NEPalette.o)
 .bss.SDcallback
                0x0202578c        0x4 /opt/devkitpro/libnds/lib/libnds9.a(system.o)
 .bss.currentCopy
                0x02025790       0x5c /opt/devkitpro/libnds/lib/libnds9.a(console.o)
                0x02025790                currentCopy
 .bss.keys      0x020257ec        0x2 /opt/devkitpro/libnds/lib/libnds9.a(keys.o)
 .bss.keysold   0x020257ee        0x2 /opt/devkitpro/libnds/lib/libnds9.a(keys.o)
 .bss.keysrepeat
                0x020257f0        0x2 /opt/devkitpro/libnds/lib/libnds9.a(keys.o)
 .bss.__dsimode
                0x020257f2        0x1 /opt/devkitpro/libnds/lib/libnds9.a(initSystem.o)
                0x020257f2                __dsimode
 *fill*         0x020257f3        0x1 
 .bss.punixTime
                0x020257f4        0x4 /opt/devkitpro/libnds/lib/libnds9.a(initSystem.o)
                0x020257f4                punixTime
 .bss.fifo_address_data
                0x020257f8       0x40 /opt/devkitpro/libnds/lib/libnds9.a(fifosystem.o)
                0x020257f8                fifo_address_data
 .bss.fifo_address_func
                0x02025838       0x40 /opt/devkitpro/libnds/lib/libnds9.a(fifosystem.o)
                0x02025838                fifo_address_func
 .bss.fifo_address_queue
                0x02025878       0x40 /opt/devkitpro/libnds/lib/libnds9.a(fifosystem.o)
                0x02025878                fifo_address_queue
 .bss.fifo_buffer
                0x020258b8      0x800 /opt/devkitpro/libnds/lib/libnds9.a(fifosystem.o)
                0x020258b8                fifo_buffer
 .bss.fifo_data_queue
                0x020260b8       0x40 /opt/devkitpro/libnds/lib/libnds9.a(fifosystem.o)
                0x020260b8                fifo_data_queue
 .bss.fifo_datamsg_data
                0x020260f8       0x40 /opt/devkitpro/libnds/lib/libnds9.a(fifosystem.o)
                0x020260f8                fifo_datamsg_data
 .bss.fifo_datamsg_func
                0x02026138       0x40 /opt/devkitpro/libnds/lib/libnds9.a(fifosystem.o)
                0x02026138                fifo_datamsg_func
 .bss.fifo_value32_data
                0x02026178       0x40 /opt/devkitpro/libnds/lib/libnds9.a(fifosystem.o)
                0x02026178                fifo_value32_data
 .bss.fifo_value32_func
                0x020261b8       0x40 /opt/devkitpro/libnds/lib/libnds9.a(fifosystem.o)
                0x020261b8                fifo_value32_func
 .bss.fifo_value32_queue
                0x020261f8       0x40 /opt/devkitpro/libnds/lib/libnds9.a(fifosystem.o)
                0x020261f8                fifo_value32_queue
 .bss.processing
                0x02026238        0x4 /opt/devkitpro/libnds/lib/libnds9.a(fifosystem.o)
                0x02026238                processing
 .bss.bgIsTextLut
                0x0202623c        0x8 /opt/devkitpro/libnds/lib/libnds9.a(background.o)
                0x0202623c                bgIsTextLut
 .bss.bgState   0x02026244      0x140 /opt/devkitpro/libnds/lib/libnds9.a(background.o)
                0x02026244                bgState
 .bss.__malloc_current_mallinfo
                0x02026384       0x28 /opt/devkitpro/devkitARM/bin/../lib/gcc/arm-none-eabi/13.2.0/../../../../arm-none-eabi/lib/libg.a(libc_a-mallocr.o)
                0x02026384                __malloc_current_mallinfo
 .bss.__malloc_max_total_mem
                0x020263ac        0x4 /opt/devkitpro/devkitARM/bin/../lib/gcc/arm-none-eabi/13.2.0/../../../../arm-none-eabi/lib/libg.a(libc_a-mallocr.o)
                0x020263ac                __malloc_max_total_mem
 .bss.__malloc_max_sbrked_mem
                0x020263b0        0x4 /opt/devkitpro/devkitARM/bin/../lib/gcc/arm-none-eabi/13.2.0/../../../../arm-none-eabi/lib/libg.a(libc_a-mallocr.o)
                0x020263b0                __malloc_max_sbrked_mem
 .bss.__malloc_top_pad
                0x020263b4        0x4 /opt/devkitpro/devkitARM/bin/../lib/gcc/arm-none-eabi/13.2.0/../../../../arm-none-eabi/lib/libg.a(libc_a-mallocr.o)
                0x020263b4                __malloc_top_pad
 .bss.__malloc_recursive_mutex
                0x020263b8        0xc /opt/devkitpro/devkitARM/bin/../lib/gcc/arm-none-eabi/13.2.0/../../../../arm-none-eabi/lib/libg.a(libc_a-mlock.o)
 .bss.__sfp_recursive_mutex
                0x020263c4        0xc /opt/devkitpro/devkitARM/bin/../lib/gcc/arm-none-eabi/13.2.0/../../../../arm-none-eabi/lib/libg.a(libc_a-findfp.o)
 .bss.__sf      0x020263d0      0x168 /opt/devkitpro/devkitARM/bin/../lib/gcc/arm-none-eabi/13.2.0/../../../../arm-none-eabi/lib/libg.a(libc_a-findfp.o)
                0x020263d0                __sf
 .bss.__stdio_exit_handler
                0x02026538        0x4 /opt/devkitpro/devkitARM/bin/../lib/gcc/arm-none-eabi/13.2.0/../../../../arm-none-eabi/lib/libg.a(libc_a-findfp.o)
                0x02026538                __stdio_exit_handler
 .bss.__hndl_lock
                0x0202653c        0x4 /opt/devkitpro/devkitARM/bin/../lib/gcc/arm-none-eabi/13.2.0/../../../../arm-none-eabi/lib/libsysbase.a(libsysbase_libsysbase_a-handle_manager.o)
 .bss.fake_heap_start
                0x02026540        0x4 /opt/devkitpro/devkitARM/bin/../lib/gcc/arm-none-eabi/13.2.0/../../../../arm-none-eabi/lib/libsysbase.a(libsysbase_libsysbase_a-malloc_vars.o)
                0x02026540                fake_heap_start
 .bss.fake_heap_end
                0x02026544        0x4 /opt/devkitpro/devkitARM/bin/../lib/gcc/arm-none-eabi/13.2.0/../../../../arm-none-eabi/lib/libsysbase.a(libsysbase_libsysbase_a-malloc_vars.o)
                0x02026544                fake_heap_end
 .bss.heap_start.0
                0x02026548        0x4 /opt/devkitpro/devkitARM/bin/../lib/gcc/arm-none-eabi/13.2.0/../../../../arm-none-eabi/lib/libsysbase.a(libsysbase_libsysbase_a-sbrk.o)
 *(EXCLUDE_FILE(*.twl*) COMMON)
                0x0202654c                        . = ALIGN (0x4)
                0x0202654c                        __bss_end__ = ABSOLUTE (.)
                0x0202654c                        __end__ = ABSOLUTE (.)

.twl            0x0202654c        0x0 load address 0x02400000
                0x02400000                        __arm9i_lma__ = LOADADDR (.twl)
                0x0202654c                        __arm9i_start__ = ABSOLUTE (.)
 *(.twl)
 *.twl*(.text .stub .text.* .gnu.linkonce.t.*)
 *.twl*(.rodata)
 *.twl*(.roda)
 *.twl*(.rodata.*)
 *.twl*(.data)
 *.twl*(.data.*)
 *.twl*(.gnu.linkonce.d*)
                0x0202654c                        __arm9i_end__ = ABSOLUTE (.)

.twl_bss        0x0202654c        0x0
                0x0202654c                        __twl_bss_start__ = ABSOLUTE (.)
 *(.twl_bss)
 *.twl*(.dynbss)
 *.twl*(.gnu.linkonce.b*)
 *.twl*(.bss*)
 *.twl*(COMMON)
                0x0202654c                        . = ALIGN (0x4)
                0x0202654c                        __twl_bss_end__ = ABSOLUTE (.)
                0x0202654c                        __twl_end__ = ABSOLUTE (.)

.stab
 *(.stab)

.stabstr
 *(.stabstr)

.stab.excl
 *(.stab.excl)

.stab.exclstr
 *(.stab.exclstr)

.stab.index
 *(.stab.index)

.stab.indexstr
 *(.stab.indexstr)

.comment        0x00000000       0x46
 *(.comment)
 .comment       0x00000000       0x46 /opt/devkitpro/devkitARM/bin/../lib/gcc/arm-none-eabi/13.2.0/crtbegin.o
                                 0x24 (size before relaxing)
 .comment       0x00000046       0x24 main.o
 .comment       0x00000046       0x24 /opt/devkitpro/nitro-engine/lib/libNE.a(NECamera.o)
 .comment       0x00000046       0x24 /opt/devkitpro/nitro-engine/lib/libNE.a(NEGeneral.o)
 .comment       0x00000046       0x24 /opt/devkitpro/nitro-engine/lib/libNE.a(NEGUI.o)
 .comment       0x00000046       0x24 /opt/devkitpro/nitro-engine/lib/libNE.a(NEModel.o)
 .comment       0x00000046       0x24 /opt/devkitpro/nitro-engine/lib/libNE.a(NEPhysics.o)
 .comment       0x00000046       0x24 /opt/devkitpro/nitro-engine/lib/libNE.a(NEPolygon.o)
 .comment       0x00000046       0x24 /opt/devkitpro/nitro-engine/lib/libNE.a(NEText.o)
 .comment       0x00000046       0x24 /opt/devkitpro/nitro-engine/lib/libNE.a(NETexture.o)
 .comment       0x00000046       0x24 /opt/devkitpro/nitro-engine/lib/libNE.a(dsma.o)
 .comment       0x00000046       0x24 /opt/devkitpro/nitro-engine/lib/libNE.a(NE2D.o)
 .comment       0x00000046       0x24 /opt/devkitpro/nitro-engine/lib/libNE.a(NEAlloc.o)
 .comment       0x00000046       0x24 /opt/devkitpro/nitro-engine/lib/libNE.a(NEAnimation.o)
 .comment       0x00000046       0x24 /opt/devkitpro/nitro-engine/lib/libNE.a(NEDisplayList.o)
 .comment       0x00000046       0x24 /opt/devkitpro/nitro-engine/lib/libNE.a(NEFAT.o)
 .comment       0x00000046       0x24 /opt/devkitpro/nitro-engine/lib/libNE.a(NEPalette.o)
 .comment       0x00000046       0x24 /opt/devkitpro/libnds/lib/libnds9.a(trig.o)
 .comment       0x00000046       0x24 /opt/devkitpro/libnds/lib/libnds9.a(video.o)
 .comment       0x00000046       0x24 /opt/devkitpro/libnds/lib/libnds9.a(touch.o)
 .comment       0x00000046       0x24 /opt/devkitpro/libnds/lib/libnds9.a(system.o)
 .comment       0x00000046       0x24 /opt/devkitpro/libnds/lib/libnds9.a(console.o)
 .comment       0x00000046       0x24 /opt/devkitpro/libnds/lib/libnds9.a(keys.o)
 .comment       0x00000046       0x24 /opt/devkitpro/libnds/lib/libnds9.a(initSystem.o)
 .comment       0x00000046       0x24 /opt/devkitpro/libnds/lib/libnds9.a(securearea.o)
 .comment       0x00000046       0x24 /opt/devkitpro/libnds/lib/libnds9.a(interrupts.o)
 .comment       0x00000046       0x24 /opt/devkitpro/libnds/lib/libnds9.a(libnds_exit.arm.o)
 .comment       0x00000046       0x24 /opt/devkitpro/libnds/lib/libnds9.a(fifosystem.o)
 .comment       0x00000046       0x24 /opt/devkitpro/libnds/lib/libnds9.a(background.o)
 .comment       0x00000046       0x24 /opt/devkitpro/devkitARM/bin/../lib/gcc/arm-none-eabi/13.2.0/libgcc.a(_muldi3.o)
 .comment       0x00000046       0x24 /opt/devkitpro/devkitARM/bin/../lib/gcc/arm-none-eabi/13.2.0/../../../../arm-none-eabi/lib/libg.a(libc_a-printf.o)
 .comment       0x00000046       0x24 /opt/devkitpro/devkitARM/bin/../lib/gcc/arm-none-eabi/13.2.0/../../../../arm-none-eabi/lib/libg.a(libc_a-rewind.o)
 .comment       0x00000046       0x24 /opt/devkitpro/devkitARM/bin/../lib/gcc/arm-none-eabi/13.2.0/../../../../arm-none-eabi/lib/libg.a(libc_a-siscanf.o)
 .comment       0x00000046       0x24 /opt/devkitpro/devkitARM/bin/../lib/gcc/arm-none-eabi/13.2.0/../../../../arm-none-eabi/lib/libg.a(libc_a-calloc.o)
 .comment       0x00000046       0x24 /opt/devkitpro/devkitARM/bin/../lib/gcc/arm-none-eabi/13.2.0/../../../../arm-none-eabi/lib/libg.a(libc_a-callocr.o)
 .comment       0x00000046       0x24 /opt/devkitpro/devkitARM/bin/../lib/gcc/arm-none-eabi/13.2.0/../../../../arm-none-eabi/lib/libg.a(libc_a-setvbuf.o)
 .comment       0x00000046       0x24 /opt/devkitpro/devkitARM/bin/../lib/gcc/arm-none-eabi/13.2.0/../../../../arm-none-eabi/lib/libg.a(libc_a-svfiscanf.o)
 .comment       0x00000046       0x24 /opt/devkitpro/devkitARM/bin/../lib/gcc/arm-none-eabi/13.2.0/../../../../arm-none-eabi/lib/libg.a(libc_a-freer.o)
 .comment       0x00000046       0x24 /opt/devkitpro/devkitARM/bin/../lib/gcc/arm-none-eabi/13.2.0/../../../../arm-none-eabi/lib/libg.a(libc_a-fclose.o)
 .comment       0x00000046       0x24 /opt/devkitpro/devkitARM/bin/../lib/gcc/arm-none-eabi/13.2.0/../../../../arm-none-eabi/lib/libg.a(libc_a-malloc.o)
 .comment       0x00000046       0x24 /opt/devkitpro/devkitARM/bin/../lib/gcc/arm-none-eabi/13.2.0/../../../../arm-none-eabi/lib/libg.a(libc_a-mallocr.o)
 .comment       0x00000046       0x24 /opt/devkitpro/devkitARM/bin/../lib/gcc/arm-none-eabi/13.2.0/../../../../arm-none-eabi/lib/libg.a(libc_a-memset.o)
 .comment       0x00000046       0x24 /opt/devkitpro/devkitARM/bin/../lib/gcc/arm-none-eabi/13.2.0/../../../../arm-none-eabi/lib/libg.a(libc_a-mlock.o)
 .comment       0x00000046       0x24 /opt/devkitpro/devkitARM/bin/../lib/gcc/arm-none-eabi/13.2.0/../../../../arm-none-eabi/lib/libg.a(libc_a-vfprintf.o)
 .comment       0x00000046       0x24 /opt/devkitpro/devkitARM/bin/../lib/gcc/arm-none-eabi/13.2.0/../../../../arm-none-eabi/lib/libg.a(libc_a-strlen.o)
 .comment       0x00000046       0x24 /opt/devkitpro/devkitARM/bin/../lib/gcc/arm-none-eabi/13.2.0/../../../../arm-none-eabi/lib/libg.a(libc_a-fopen.o)
 .comment       0x00000046       0x24 /opt/devkitpro/devkitARM/bin/../lib/gcc/arm-none-eabi/13.2.0/../../../../arm-none-eabi/lib/libg.a(libc_a-fflush.o)
 .comment       0x00000046       0x24 /opt/devkitpro/devkitARM/bin/../lib/gcc/arm-none-eabi/13.2.0/../../../../arm-none-eabi/lib/libg.a(libc_a-ftell.o)
 .comment       0x00000046       0x24 /opt/devkitpro/devkitARM/bin/../lib/gcc/arm-none-eabi/13.2.0/../../../../arm-none-eabi/lib/libg.a(libc_a-fwalk.o)
 .comment       0x00000046       0x24 /opt/devkitpro/devkitARM/bin/../lib/gcc/arm-none-eabi/13.2.0/../../../../arm-none-eabi/lib/libg.a(libc_a-fread.o)
 .comment       0x00000046       0x24 /opt/devkitpro/devkitARM/bin/../lib/gcc/arm-none-eabi/13.2.0/../../../../arm-none-eabi/lib/libg.a(libc_a-strncpy.o)
 .comment       0x00000046       0x24 /opt/devkitpro/devkitARM/bin/../lib/gcc/arm-none-eabi/13.2.0/../../../../arm-none-eabi/lib/libg.a(libc_a-fwrite.o)
 .comment       0x00000046       0x24 /opt/devkitpro/devkitARM/bin/../lib/gcc/arm-none-eabi/13.2.0/../../../../arm-none-eabi/lib/libg.a(libc_a-findfp.o)
 .comment       0x00000046       0x24 /opt/devkitpro/devkitARM/bin/../lib/gcc/arm-none-eabi/13.2.0/../../../../arm-none-eabi/lib/libg.a(libc_a-rand.o)
 .comment       0x00000046       0x24 /opt/devkitpro/devkitARM/bin/../lib/gcc/arm-none-eabi/13.2.0/../../../../arm-none-eabi/lib/libg.a(libc_a-fseek.o)
 .comment       0x00000046       0x24 /opt/devkitpro/devkitARM/bin/../lib/gcc/arm-none-eabi/13.2.0/../../../../arm-none-eabi/lib/libg.a(libc_a-strtol.o)
 .comment       0x00000046       0x24 /opt/devkitpro/devkitARM/bin/../lib/gcc/arm-none-eabi/13.2.0/../../../../arm-none-eabi/lib/libg.a(libc_a-realloc.o)
 .comment       0x00000046       0x24 /opt/devkitpro/devkitARM/bin/../lib/gcc/arm-none-eabi/13.2.0/../../../../arm-none-eabi/lib/libg.a(libc_a-strtoul.o)
 .comment       0x00000046       0x24 /opt/devkitpro/devkitARM/bin/../lib/gcc/arm-none-eabi/13.2.0/../../../../arm-none-eabi/lib/libg.a(libc_a-locale.o)
 .comment       0x00000046       0x24 /opt/devkitpro/devkitARM/bin/../lib/gcc/arm-none-eabi/13.2.0/../../../../arm-none-eabi/lib/libg.a(libc_a-localeconv.o)